Component: ARM Compiler 5.06 update 7 (build 960) Tool: armlink [4d3601]

==============================================================================

Section Cross References

    startup_n32l40x.o(RESET) refers to startup_n32l40x.o(STACK) for __initial_sp
    startup_n32l40x.o(RESET) refers to startup_n32l40x.o(.text) for Reset_Handler
    startup_n32l40x.o(RESET) refers to n32l40x_it.o(.text) for NMI_Handler
    startup_n32l40x.o(.text) refers to system_n32l40x.o(.text) for SystemInit
    startup_n32l40x.o(.text) refers to entry.o(.ARM.Collect$$$$00000000) for __main
    system_n32l40x.o(.text) refers to system_n32l40x.o(.data) for SystemCoreClock
    system_n32l40x.o(.text) refers to system_n32l40x.o(.constdata) for MSIClockTable
    n32l40x_gpio.o(.text) refers to n32l40x_rcc.o(.text) for RCC_EnableAPB2PeriphReset
    n32l40x_rcc.o(.text) refers to n32l40x_rcc.o(.constdata) for s_msiClockTable
    main.o(.text) refers to n32l40x_rcc.o(.text) for RCC_EnableAPB2PeriphClk
    main.o(.text) refers to n32l40x_gpio.o(.text) for GPIO_InitStruct
    entry.o(.ARM.Collect$$$$00000000) refers (Special) to entry10a.o(.ARM.Collect$$$$0000000F) for __rt_final_cpp
    entry.o(.ARM.Collect$$$$00000000) refers (Special) to entry11a.o(.ARM.Collect$$$$00000011) for __rt_final_exit
    entry.o(.ARM.Collect$$$$00000000) refers (Special) to entry12b.o(.ARM.Collect$$$$0000000E) for __rt_lib_shutdown_fini
    entry.o(.ARM.Collect$$$$00000000) refers (Special) to entry7b.o(.ARM.Collect$$$$00000008) for _main_clock
    entry.o(.ARM.Collect$$$$00000000) refers (Special) to entry8b.o(.ARM.Collect$$$$0000000A) for _main_cpp_init
    entry.o(.ARM.Collect$$$$00000000) refers (Special) to entry9a.o(.ARM.Collect$$$$0000000B) for _main_init
    entry.o(.ARM.Collect$$$$00000000) refers (Special) to entry5.o(.ARM.Collect$$$$00000004) for _main_scatterload
    entry.o(.ARM.Collect$$$$00000000) refers (Special) to entry2.o(.ARM.Collect$$$$00000001) for _main_stk
    entry2.o(.ARM.Collect$$$$00000001) refers to entry2.o(.ARM.Collect$$$$00002712) for __lit__00000000
    entry2.o(.ARM.Collect$$$$00002712) refers to startup_n32l40x.o(STACK) for __initial_sp
    entry2.o(__vectab_stack_and_reset_area) refers to startup_n32l40x.o(STACK) for __initial_sp
    entry2.o(__vectab_stack_and_reset_area) refers to entry.o(.ARM.Collect$$$$00000000) for __main
    entry5.o(.ARM.Collect$$$$00000004) refers to init.o(.text) for __scatterload
    entry9a.o(.ARM.Collect$$$$0000000B) refers to main.o(.text) for main
    entry9b.o(.ARM.Collect$$$$0000000C) refers to main.o(.text) for main
    init.o(.text) refers to entry5.o(.ARM.Collect$$$$00000004) for __main_after_scatterload


==============================================================================

Removing Unused input sections from the image.

    Removing startup_n32l40x.o(HEAP), (768 bytes).
    Removing system_n32l40x.o(.rev16_text), (4 bytes).
    Removing system_n32l40x.o(.revsh_text), (4 bytes).
    Removing system_n32l40x.o(.rrx_text), (6 bytes).
    Removing n32l40x_gpio.o(.rev16_text), (4 bytes).
    Removing n32l40x_gpio.o(.revsh_text), (4 bytes).
    Removing n32l40x_gpio.o(.rrx_text), (6 bytes).
    Removing n32l40x_rcc.o(.rev16_text), (4 bytes).
    Removing n32l40x_rcc.o(.revsh_text), (4 bytes).
    Removing n32l40x_rcc.o(.rrx_text), (6 bytes).
    Removing main.o(.rev16_text), (4 bytes).
    Removing main.o(.revsh_text), (4 bytes).
    Removing main.o(.rrx_text), (6 bytes).
    Removing n32l40x_it.o(.rev16_text), (4 bytes).
    Removing n32l40x_it.o(.revsh_text), (4 bytes).
    Removing n32l40x_it.o(.rrx_text), (6 bytes).

16 unused section(s) (total 838 bytes) removed from the image.

==============================================================================

Image Symbol Table

    Local Symbols

    Symbol Name                              Value     Ov Type        Size  Object(Section)

    ../clib/microlib/init/entry.s            0x00000000   Number         0  entry9b.o ABSOLUTE
    ../clib/microlib/init/entry.s            0x00000000   Number         0  entry9a.o ABSOLUTE
    ../clib/microlib/init/entry.s            0x00000000   Number         0  entry7a.o ABSOLUTE
    ../clib/microlib/init/entry.s            0x00000000   Number         0  entry8b.o ABSOLUTE
    ../clib/microlib/init/entry.s            0x00000000   Number         0  entry12b.o ABSOLUTE
    ../clib/microlib/init/entry.s            0x00000000   Number         0  entry8a.o ABSOLUTE
    ../clib/microlib/init/entry.s            0x00000000   Number         0  entry7b.o ABSOLUTE
    ../clib/microlib/init/entry.s            0x00000000   Number         0  entry5.o ABSOLUTE
    ../clib/microlib/init/entry.s            0x00000000   Number         0  entry.o ABSOLUTE
    ../clib/microlib/init/entry.s            0x00000000   Number         0  entry2.o ABSOLUTE
    ../clib/microlib/init/entry.s            0x00000000   Number         0  entry12a.o ABSOLUTE
    ../clib/microlib/init/entry.s            0x00000000   Number         0  entry11b.o ABSOLUTE
    ../clib/microlib/init/entry.s            0x00000000   Number         0  entry11a.o ABSOLUTE
    ../clib/microlib/init/entry.s            0x00000000   Number         0  entry10b.o ABSOLUTE
    ../clib/microlib/init/entry.s            0x00000000   Number         0  entry10a.o ABSOLUTE
    ..\..\..\firmware\CMSIS\device\startup\startup_n32l40x.s 0x00000000   Number         0  startup_n32l40x.o ABSOLUTE
    ..\..\..\firmware\CMSIS\device\system_n32l40x.c 0x00000000   Number         0  system_n32l40x.o ABSOLUTE
    ..\..\..\firmware\n32l40x_std_periph_driver\src\n32l40x_gpio.c 0x00000000   Number         0  n32l40x_gpio.o ABSOLUTE
    ..\..\..\firmware\n32l40x_std_periph_driver\src\n32l40x_rcc.c 0x00000000   Number         0  n32l40x_rcc.o ABSOLUTE
    ..\\..\\..\\firmware\\CMSIS\\device\\system_n32l40x.c 0x00000000   Number         0  system_n32l40x.o ABSOLUTE
    ..\\..\\..\\firmware\\n32l40x_std_periph_driver\\src\\n32l40x_gpio.c 0x00000000   Number         0  n32l40x_gpio.o ABSOLUTE
    ..\\..\\..\\firmware\\n32l40x_std_periph_driver\\src\\n32l40x_rcc.c 0x00000000   Number         0  n32l40x_rcc.o ABSOLUTE
    ..\\src\\main.c                          0x00000000   Number         0  main.o ABSOLUTE
    ..\\src\\n32l40x_it.c                    0x00000000   Number         0  n32l40x_it.o ABSOLUTE
    ..\src\main.c                            0x00000000   Number         0  main.o ABSOLUTE
    ..\src\n32l40x_it.c                      0x00000000   Number         0  n32l40x_it.o ABSOLUTE
    dc.s                                     0x00000000   Number         0  dc.o ABSOLUTE
    handlers.s                               0x00000000   Number         0  handlers.o ABSOLUTE
    init.s                                   0x00000000   Number         0  init.o ABSOLUTE
    RESET                                    0x08000000   Section      328  startup_n32l40x.o(RESET)
    .ARM.Collect$$$$00000000                 0x08000148   Section        0  entry.o(.ARM.Collect$$$$00000000)
    .ARM.Collect$$$$00000001                 0x08000148   Section        4  entry2.o(.ARM.Collect$$$$00000001)
    .ARM.Collect$$$$00000004                 0x0800014c   Section        4  entry5.o(.ARM.Collect$$$$00000004)
    .ARM.Collect$$$$00000008                 0x08000150   Section        0  entry7b.o(.ARM.Collect$$$$00000008)
    .ARM.Collect$$$$0000000A                 0x08000150   Section        0  entry8b.o(.ARM.Collect$$$$0000000A)
    .ARM.Collect$$$$0000000B                 0x08000150   Section        8  entry9a.o(.ARM.Collect$$$$0000000B)
    .ARM.Collect$$$$0000000E                 0x08000158   Section        4  entry12b.o(.ARM.Collect$$$$0000000E)
    .ARM.Collect$$$$0000000F                 0x0800015c   Section        0  entry10a.o(.ARM.Collect$$$$0000000F)
    .ARM.Collect$$$$00000011                 0x0800015c   Section        0  entry11a.o(.ARM.Collect$$$$00000011)
    .ARM.Collect$$$$00002712                 0x0800015c   Section        4  entry2.o(.ARM.Collect$$$$00002712)
    __lit__00000000                          0x0800015c   Data           4  entry2.o(.ARM.Collect$$$$00002712)
    .text                                    0x08000160   Section       36  startup_n32l40x.o(.text)
    $v0                                      0x08000160   Number         0  startup_n32l40x.o(.text)
    .text                                    0x08000184   Section        0  system_n32l40x.o(.text)
    SetSysClock                              0x080001f5   Thumb Code   222  system_n32l40x.o(.text)
    .text                                    0x08000538   Section        0  n32l40x_gpio.o(.text)
    .text                                    0x08000a94   Section        0  n32l40x_rcc.o(.text)
    .text                                    0x0800128c   Section        0  main.o(.text)
    .text                                    0x08001310   Section        0  n32l40x_it.o(.text)
    .text                                    0x0800132c   Section       36  init.o(.text)
    i.__scatterload_copy                     0x08001350   Section       14  handlers.o(i.__scatterload_copy)
    i.__scatterload_null                     0x0800135e   Section        2  handlers.o(i.__scatterload_null)
    i.__scatterload_zeroinit                 0x08001360   Section       14  handlers.o(i.__scatterload_zeroinit)
    .constdata                               0x08001370   Section       44  system_n32l40x.o(.constdata)
    .constdata                               0x0800139c   Section       92  n32l40x_rcc.o(.constdata)
    s_ApbAhbPresTable                        0x0800139c   Data          16  n32l40x_rcc.o(.constdata)
    s_AdcHclkPresTable                       0x080013ac   Data          16  n32l40x_rcc.o(.constdata)
    s_AdcPllClkPresTable                     0x080013bc   Data          32  n32l40x_rcc.o(.constdata)
    s_msiClockTable                          0x080013dc   Data          28  n32l40x_rcc.o(.constdata)
    .data                                    0x20000000   Section        4  system_n32l40x.o(.data)
    STACK                                    0x20000008   Section     5376  startup_n32l40x.o(STACK)

    Global Symbols

    Symbol Name                              Value     Ov Type        Size  Object(Section)

    BuildAttributes$$THM_ISAv4$E$P$D$K$B$S$7EM$VFPi3$EXTD16$VFPS$VFMA$PE$A:L22UL41UL21$X:L11$S22US41US21$IEEE1$IW$USESV6$~STKCKD$USESV7$~SHL$OSPACE$EBA8$MICROLIB$REQ8$PRES8$EABIv2 0x00000000   Number         0  anon$$obj.o ABSOLUTE
    __ARM_use_no_argv                        0x00000000   Number         0  main.o ABSOLUTE
    __arm_fini_                               - Undefined Weak Reference
    __cpp_initialize__aeabi_                  - Undefined Weak Reference
    __cxa_finalize                            - Undefined Weak Reference
    __decompress                              - Undefined Weak Reference
    _clock_init                               - Undefined Weak Reference
    _microlib_exit                            - Undefined Weak Reference
    __Vectors_Size                           0x00000148   Number         0  startup_n32l40x.o ABSOLUTE
    __Vectors                                0x08000000   Data           4  startup_n32l40x.o(RESET)
    __Vectors_End                            0x08000148   Data           0  startup_n32l40x.o(RESET)
    __main                                   0x08000149   Thumb Code     0  entry.o(.ARM.Collect$$$$00000000)
    _main_stk                                0x08000149   Thumb Code     0  entry2.o(.ARM.Collect$$$$00000001)
    _main_scatterload                        0x0800014d   Thumb Code     0  entry5.o(.ARM.Collect$$$$00000004)
    __main_after_scatterload                 0x08000151   Thumb Code     0  entry5.o(.ARM.Collect$$$$00000004)
    _main_clock                              0x08000151   Thumb Code     0  entry7b.o(.ARM.Collect$$$$00000008)
    _main_cpp_init                           0x08000151   Thumb Code     0  entry8b.o(.ARM.Collect$$$$0000000A)
    _main_init                               0x08000151   Thumb Code     0  entry9a.o(.ARM.Collect$$$$0000000B)
    __rt_lib_shutdown_fini                   0x08000159   Thumb Code     0  entry12b.o(.ARM.Collect$$$$0000000E)
    __rt_final_cpp                           0x0800015d   Thumb Code     0  entry10a.o(.ARM.Collect$$$$0000000F)
    __rt_final_exit                          0x0800015d   Thumb Code     0  entry11a.o(.ARM.Collect$$$$00000011)
    Reset_Handler                            0x08000161   Thumb Code     8  startup_n32l40x.o(.text)
    PendSV_Handler                           0x08000177   Thumb Code     2  startup_n32l40x.o(.text)
    ADC_IRQHandler                           0x0800017b   Thumb Code     0  startup_n32l40x.o(.text)
    CAN_RX0_IRQHandler                       0x0800017b   Thumb Code     0  startup_n32l40x.o(.text)
    CAN_RX1_IRQHandler                       0x0800017b   Thumb Code     0  startup_n32l40x.o(.text)
    CAN_SCE_IRQHandler                       0x0800017b   Thumb Code     0  startup_n32l40x.o(.text)
    CAN_TX_IRQHandler                        0x0800017b   Thumb Code     0  startup_n32l40x.o(.text)
    COMP_1_2_IRQHandler                      0x0800017b   Thumb Code     0  startup_n32l40x.o(.text)
    DMA_Channel1_IRQHandler                  0x0800017b   Thumb Code     0  startup_n32l40x.o(.text)
    DMA_Channel2_IRQHandler                  0x0800017b   Thumb Code     0  startup_n32l40x.o(.text)
    DMA_Channel3_IRQHandler                  0x0800017b   Thumb Code     0  startup_n32l40x.o(.text)
    DMA_Channel4_IRQHandler                  0x0800017b   Thumb Code     0  startup_n32l40x.o(.text)
    DMA_Channel5_IRQHandler                  0x0800017b   Thumb Code     0  startup_n32l40x.o(.text)
    DMA_Channel6_IRQHandler                  0x0800017b   Thumb Code     0  startup_n32l40x.o(.text)
    DMA_Channel7_IRQHandler                  0x0800017b   Thumb Code     0  startup_n32l40x.o(.text)
    DMA_Channel8_IRQHandler                  0x0800017b   Thumb Code     0  startup_n32l40x.o(.text)
    EXTI0_IRQHandler                         0x0800017b   Thumb Code     0  startup_n32l40x.o(.text)
    EXTI15_10_IRQHandler                     0x0800017b   Thumb Code     0  startup_n32l40x.o(.text)
    EXTI1_IRQHandler                         0x0800017b   Thumb Code     0  startup_n32l40x.o(.text)
    EXTI2_IRQHandler                         0x0800017b   Thumb Code     0  startup_n32l40x.o(.text)
    EXTI3_IRQHandler                         0x0800017b   Thumb Code     0  startup_n32l40x.o(.text)
    EXTI4_IRQHandler                         0x0800017b   Thumb Code     0  startup_n32l40x.o(.text)
    EXTI9_5_IRQHandler                       0x0800017b   Thumb Code     0  startup_n32l40x.o(.text)
    FLASH_IRQHandler                         0x0800017b   Thumb Code     0  startup_n32l40x.o(.text)
    I2C1_ER_IRQHandler                       0x0800017b   Thumb Code     0  startup_n32l40x.o(.text)
    I2C1_EV_IRQHandler                       0x0800017b   Thumb Code     0  startup_n32l40x.o(.text)
    I2C2_ER_IRQHandler                       0x0800017b   Thumb Code     0  startup_n32l40x.o(.text)
    I2C2_EV_IRQHandler                       0x0800017b   Thumb Code     0  startup_n32l40x.o(.text)
    LCD_IRQHandler                           0x0800017b   Thumb Code     0  startup_n32l40x.o(.text)
    LPTIM_WKUP_IRQHandler                    0x0800017b   Thumb Code     0  startup_n32l40x.o(.text)
    LPUART_IRQHandler                        0x0800017b   Thumb Code     0  startup_n32l40x.o(.text)
    LPUART_WKUP_IRQHandler                   0x0800017b   Thumb Code     0  startup_n32l40x.o(.text)
    MMU_IRQHandler                           0x0800017b   Thumb Code     0  startup_n32l40x.o(.text)
    PVD_IRQHandler                           0x0800017b   Thumb Code     0  startup_n32l40x.o(.text)
    RAMC_PERR_IRQHandler                     0x0800017b   Thumb Code     0  startup_n32l40x.o(.text)
    RCC_IRQHandler                           0x0800017b   Thumb Code     0  startup_n32l40x.o(.text)
    RTCAlarm_IRQHandler                      0x0800017b   Thumb Code     0  startup_n32l40x.o(.text)
    RTC_WKUP_IRQHandler                      0x0800017b   Thumb Code     0  startup_n32l40x.o(.text)
    SAC_IRQHandler                           0x0800017b   Thumb Code     0  startup_n32l40x.o(.text)
    SPI1_IRQHandler                          0x0800017b   Thumb Code     0  startup_n32l40x.o(.text)
    SPI2_IRQHandler                          0x0800017b   Thumb Code     0  startup_n32l40x.o(.text)
    TAMPER_IRQHandler                        0x0800017b   Thumb Code     0  startup_n32l40x.o(.text)
    TIM1_BRK_IRQHandler                      0x0800017b   Thumb Code     0  startup_n32l40x.o(.text)
    TIM1_CC_IRQHandler                       0x0800017b   Thumb Code     0  startup_n32l40x.o(.text)
    TIM1_TRG_COM_IRQHandler                  0x0800017b   Thumb Code     0  startup_n32l40x.o(.text)
    TIM1_UP_IRQHandler                       0x0800017b   Thumb Code     0  startup_n32l40x.o(.text)
    TIM2_IRQHandler                          0x0800017b   Thumb Code     0  startup_n32l40x.o(.text)
    TIM3_IRQHandler                          0x0800017b   Thumb Code     0  startup_n32l40x.o(.text)
    TIM4_IRQHandler                          0x0800017b   Thumb Code     0  startup_n32l40x.o(.text)
    TIM5_IRQHandler                          0x0800017b   Thumb Code     0  startup_n32l40x.o(.text)
    TIM6_IRQHandler                          0x0800017b   Thumb Code     0  startup_n32l40x.o(.text)
    TIM7_IRQHandler                          0x0800017b   Thumb Code     0  startup_n32l40x.o(.text)
    TIM8_BRK_IRQHandler                      0x0800017b   Thumb Code     0  startup_n32l40x.o(.text)
    TIM8_CC_IRQHandler                       0x0800017b   Thumb Code     0  startup_n32l40x.o(.text)
    TIM8_TRG_COM_IRQHandler                  0x0800017b   Thumb Code     0  startup_n32l40x.o(.text)
    TIM8_UP_IRQHandler                       0x0800017b   Thumb Code     0  startup_n32l40x.o(.text)
    TIM9_IRQHandler                          0x0800017b   Thumb Code     0  startup_n32l40x.o(.text)
    TSC_IRQHandler                           0x0800017b   Thumb Code     0  startup_n32l40x.o(.text)
    UART4_IRQHandler                         0x0800017b   Thumb Code     0  startup_n32l40x.o(.text)
    UART5_IRQHandler                         0x0800017b   Thumb Code     0  startup_n32l40x.o(.text)
    UCDR_IRQHandler                          0x0800017b   Thumb Code     0  startup_n32l40x.o(.text)
    USART1_IRQHandler                        0x0800017b   Thumb Code     0  startup_n32l40x.o(.text)
    USART2_IRQHandler                        0x0800017b   Thumb Code     0  startup_n32l40x.o(.text)
    USART3_IRQHandler                        0x0800017b   Thumb Code     0  startup_n32l40x.o(.text)
    USBWakeUp_IRQHandler                     0x0800017b   Thumb Code     0  startup_n32l40x.o(.text)
    USB_HP_IRQHandler                        0x0800017b   Thumb Code     0  startup_n32l40x.o(.text)
    USB_LP_IRQHandler                        0x0800017b   Thumb Code     0  startup_n32l40x.o(.text)
    WWDG_IRQHandler                          0x0800017b   Thumb Code     0  startup_n32l40x.o(.text)
    ConfigMRVoltage1V                        0x08000185   Thumb Code   112  system_n32l40x.o(.text)
    SystemInit                               0x080002d3   Thumb Code   200  system_n32l40x.o(.text)
    SystemCoreClockUpdate                    0x0800039b   Thumb Code   236  system_n32l40x.o(.text)
    ConfigMRVoltage1_1V                      0x08000487   Thumb Code   110  system_n32l40x.o(.text)
    GPIO_DeInit                              0x08000539   Thumb Code   342  n32l40x_gpio.o(.text)
    GPIO_AFIOInitDefault                     0x0800068f   Thumb Code    20  n32l40x_gpio.o(.text)
    GPIO_InitPeripheral                      0x080006a3   Thumb Code   484  n32l40x_gpio.o(.text)
    GPIO_InitStruct                          0x08000887   Thumb Code    24  n32l40x_gpio.o(.text)
    GPIO_ReadInputDataBit                    0x0800089f   Thumb Code    18  n32l40x_gpio.o(.text)
    GPIO_ReadInputData                       0x080008b1   Thumb Code     8  n32l40x_gpio.o(.text)
    GPIO_ReadOutputDataBit                   0x080008b9   Thumb Code    18  n32l40x_gpio.o(.text)
    GPIO_ReadOutputData                      0x080008cb   Thumb Code     8  n32l40x_gpio.o(.text)
    GPIO_SetBits                             0x080008d3   Thumb Code     4  n32l40x_gpio.o(.text)
    GPIO_SetBitsHigh16                       0x080008d7   Thumb Code     4  n32l40x_gpio.o(.text)
    GPIO_ResetBits                           0x080008db   Thumb Code     4  n32l40x_gpio.o(.text)
    GPIO_WriteBit                            0x080008df   Thumb Code    10  n32l40x_gpio.o(.text)
    GPIO_Write                               0x080008e9   Thumb Code     4  n32l40x_gpio.o(.text)
    GPIO_ConfigPinLock                       0x080008ed   Thumb Code    18  n32l40x_gpio.o(.text)
    GPIO_ConfigPinRemap                      0x080008ff   Thumb Code   120  n32l40x_gpio.o(.text)
    GPIO_ConfigEventOutput                   0x08000977   Thumb Code    84  n32l40x_gpio.o(.text)
    GPIO_CtrlEventOutput                     0x080009cb   Thumb Code     6  n32l40x_gpio.o(.text)
    GPIO_ConfigEXTILine                      0x080009d1   Thumb Code    58  n32l40x_gpio.o(.text)
    AFIO_ConfigSPINSSMode                    0x08000a0b   Thumb Code    30  n32l40x_gpio.o(.text)
    AFIO_ConfigADCExternalTrigRemap          0x08000a29   Thumb Code    82  n32l40x_gpio.o(.text)
    RCC_DeInit                               0x08000a95   Thumb Code    80  n32l40x_rcc.o(.text)
    RCC_ConfigHse                            0x08000ae5   Thumb Code    70  n32l40x_rcc.o(.text)
    RCC_GetFlagStatus                        0x08000b2b   Thumb Code    56  n32l40x_rcc.o(.text)
    RCC_WaitHseStable                        0x08000b63   Thumb Code    56  n32l40x_rcc.o(.text)
    RCC_ConfigHsi                            0x08000b9b   Thumb Code    34  n32l40x_rcc.o(.text)
    RCC_WaitHsiStable                        0x08000bbd   Thumb Code    56  n32l40x_rcc.o(.text)
    RCC_SetHsiCalibValue                     0x08000bf5   Thumb Code    20  n32l40x_rcc.o(.text)
    RCC_EnableHsi                            0x08000c09   Thumb Code     6  n32l40x_rcc.o(.text)
    RCC_ConfigMsi                            0x08000c0f   Thumb Code    58  n32l40x_rcc.o(.text)
    RCC_WaitMsiStable                        0x08000c49   Thumb Code    56  n32l40x_rcc.o(.text)
    RCC_SetMsiCalibValue                     0x08000c81   Thumb Code    20  n32l40x_rcc.o(.text)
    RCC_EnableMsi                            0x08000c95   Thumb Code     6  n32l40x_rcc.o(.text)
    RCC_ConfigPll                            0x08000c9b   Thumb Code    56  n32l40x_rcc.o(.text)
    RCC_EnablePll                            0x08000cd3   Thumb Code     6  n32l40x_rcc.o(.text)
    RCC_ConfigSysclk                         0x08000cd9   Thumb Code    18  n32l40x_rcc.o(.text)
    RCC_GetSysclkSrc                         0x08000ceb   Thumb Code    10  n32l40x_rcc.o(.text)
    RCC_ConfigHclk                           0x08000cf5   Thumb Code    18  n32l40x_rcc.o(.text)
    RCC_ConfigPclk1                          0x08000d07   Thumb Code    18  n32l40x_rcc.o(.text)
    RCC_ConfigPclk2                          0x08000d19   Thumb Code    20  n32l40x_rcc.o(.text)
    RCC_ConfigInt                            0x08000d2d   Thumb Code    30  n32l40x_rcc.o(.text)
    RCC_ConfigUsbClk                         0x08000d4b   Thumb Code    16  n32l40x_rcc.o(.text)
    RCC_ConfigTim18Clk                       0x08000d5b   Thumb Code    18  n32l40x_rcc.o(.text)
    RCC_ConfigRngcClk                        0x08000d6d   Thumb Code    18  n32l40x_rcc.o(.text)
    RCC_ConfigAdc1mClk                       0x08000d7f   Thumb Code    24  n32l40x_rcc.o(.text)
    RCC_ConfigAdcPllClk                      0x08000d97   Thumb Code    30  n32l40x_rcc.o(.text)
    RCC_ConfigAdcHclk                        0x08000db5   Thumb Code    18  n32l40x_rcc.o(.text)
    RCC_ConfigTrng1mClk                      0x08000dc7   Thumb Code    24  n32l40x_rcc.o(.text)
    RCC_EnableTrng1mClk                      0x08000ddf   Thumb Code    30  n32l40x_rcc.o(.text)
    RCC_ConfigUCDRClk                        0x08000dfd   Thumb Code    46  n32l40x_rcc.o(.text)
    RCC_ConfigUSBXTALESSMode                 0x08000e2b   Thumb Code    22  n32l40x_rcc.o(.text)
    RCC_EnableRETPeriphClk                   0x08000e41   Thumb Code    26  n32l40x_rcc.o(.text)
    RCC_EnableRETPeriphReset                 0x08000e5b   Thumb Code    62  n32l40x_rcc.o(.text)
    RCC_EnableAPB1PeriphClk                  0x08000e99   Thumb Code    26  n32l40x_rcc.o(.text)
    RCC_ConfigLPTIMClk                       0x08000eb3   Thumb Code    46  n32l40x_rcc.o(.text)
    RCC_GetLPTIMClkSrc                       0x08000ee1   Thumb Code    10  n32l40x_rcc.o(.text)
    RCC_ConfigLPUARTClk                      0x08000eeb   Thumb Code    22  n32l40x_rcc.o(.text)
    RCC_GetLPUARTClkSrc                      0x08000f01   Thumb Code    10  n32l40x_rcc.o(.text)
    RCC_ConfigSRAMParityErrorInt             0x08000f0b   Thumb Code    26  n32l40x_rcc.o(.text)
    RCC_ConfigSRAMParityErrorRESET           0x08000f25   Thumb Code    26  n32l40x_rcc.o(.text)
    RCC_ClrSRAMParityErrorFlag               0x08000f3f   Thumb Code    12  n32l40x_rcc.o(.text)
    LSE_XtalConfig                           0x08000f4b   Thumb Code    34  n32l40x_rcc.o(.text)
    RCC_ConfigLse                            0x08000f6d   Thumb Code   102  n32l40x_rcc.o(.text)
    RCC_EnableLsi                            0x08000fd3   Thumb Code     6  n32l40x_rcc.o(.text)
    RCC_ConfigRtcClk                         0x08000fd9   Thumb Code    22  n32l40x_rcc.o(.text)
    RCC_GetRTCClkSrc                         0x08000fef   Thumb Code    10  n32l40x_rcc.o(.text)
    RCC_EnableRtcClk                         0x08000ff9   Thumb Code     8  n32l40x_rcc.o(.text)
    RCC_ConfigLSXClk                         0x08001001   Thumb Code    22  n32l40x_rcc.o(.text)
    RCC_GetLSXClkSrc                         0x08001017   Thumb Code    10  n32l40x_rcc.o(.text)
    RCC_GetClocksFreqValue                   0x08001021   Thumb Code   302  n32l40x_rcc.o(.text)
    RCC_EnableAHBPeriphClk                   0x0800114f   Thumb Code    26  n32l40x_rcc.o(.text)
    RCC_EnableAPB2PeriphClk                  0x08001169   Thumb Code    26  n32l40x_rcc.o(.text)
    RCC_EnableAHBPeriphReset                 0x08001183   Thumb Code    26  n32l40x_rcc.o(.text)
    RCC_EnableAPB2PeriphReset                0x0800119d   Thumb Code    26  n32l40x_rcc.o(.text)
    RCC_EnableAPB1PeriphReset                0x080011b7   Thumb Code    26  n32l40x_rcc.o(.text)
    RCC_EnableLowPowerReset                  0x080011d1   Thumb Code     8  n32l40x_rcc.o(.text)
    RCC_EnableClockSecuritySystem            0x080011d9   Thumb Code     6  n32l40x_rcc.o(.text)
    RCC_EnableLSEClockSecuritySystem         0x080011df   Thumb Code     8  n32l40x_rcc.o(.text)
    RCC_GetLSEClockSecuritySystemStatus      0x080011e7   Thumb Code    20  n32l40x_rcc.o(.text)
    RCC_ConfigMcoClkPre                      0x080011fb   Thumb Code    18  n32l40x_rcc.o(.text)
    RCC_ConfigMco                            0x0800120d   Thumb Code    20  n32l40x_rcc.o(.text)
    RCC_ClrFlag                              0x08001221   Thumb Code    24  n32l40x_rcc.o(.text)
    RCC_GetIntStatus                         0x08001239   Thumb Code    20  n32l40x_rcc.o(.text)
    RCC_ClrIntPendingBit                     0x0800124d   Thumb Code    12  n32l40x_rcc.o(.text)
    Delay                                    0x0800128d   Thumb Code    10  main.o(.text)
    Har_LED_Init                             0x08001297   Thumb Code    56  main.o(.text)
    Har_LED_On                               0x080012cf   Thumb Code    14  main.o(.text)
    Har_LED_Off                              0x080012dd   Thumb Code    14  main.o(.text)
    main                                     0x080012eb   Thumb Code    28  main.o(.text)
    NMI_Handler                              0x08001311   Thumb Code     2  n32l40x_it.o(.text)
    HardFault_Handler                        0x08001313   Thumb Code     4  n32l40x_it.o(.text)
    MemManage_Handler                        0x08001317   Thumb Code     4  n32l40x_it.o(.text)
    BusFault_Handler                         0x0800131b   Thumb Code     4  n32l40x_it.o(.text)
    UsageFault_Handler                       0x0800131f   Thumb Code     4  n32l40x_it.o(.text)
    SVC_Handler                              0x08001323   Thumb Code     2  n32l40x_it.o(.text)
    DebugMon_Handler                         0x08001325   Thumb Code     2  n32l40x_it.o(.text)
    SysTick_Handler                          0x08001327   Thumb Code     2  n32l40x_it.o(.text)
    DMA_IRQ_HANDLER                          0x08001329   Thumb Code     2  n32l40x_it.o(.text)
    __scatterload                            0x0800132d   Thumb Code    28  init.o(.text)
    __scatterload_rt2                        0x0800132d   Thumb Code     0  init.o(.text)
    __scatterload_copy                       0x08001351   Thumb Code    14  handlers.o(i.__scatterload_copy)
    __scatterload_null                       0x0800135f   Thumb Code     2  handlers.o(i.__scatterload_null)
    __scatterload_zeroinit                   0x08001361   Thumb Code    14  handlers.o(i.__scatterload_zeroinit)
    AHBPrescTable                            0x08001370   Data          16  system_n32l40x.o(.constdata)
    MSIClockTable                            0x08001380   Data          28  system_n32l40x.o(.constdata)
    Region$$Table$$Base                      0x080013f8   Number         0  anon$$obj.o(Region$$Table)
    Region$$Table$$Limit                     0x08001418   Number         0  anon$$obj.o(Region$$Table)
    SystemCoreClock                          0x20000000   Data           4  system_n32l40x.o(.data)
    __initial_sp                             0x20001508   Data           0  startup_n32l40x.o(STACK)



==============================================================================

Memory Map of the image

  Image Entry point : 0x08000149

  Load Region LR_IROM1 (Base: 0x08000000, Size: 0x0000141c, Max: 0x00020000, ABSOLUTE)

    Execution Region ER_IROM1 (Exec base: 0x08000000, Load base: 0x08000000, Size: 0x00001418, Max: 0x00020000, ABSOLUTE)

    Exec Addr    Load Addr    Size         Type   Attr      Idx    E Section Name        Object

    0x08000000   0x08000000   0x00000148   Data   RO            3    RESET               startup_n32l40x.o
    0x08000148   0x08000148   0x00000000   Code   RO          252  * .ARM.Collect$$$$00000000  mc_w.l(entry.o)
    0x08000148   0x08000148   0x00000004   Code   RO          255    .ARM.Collect$$$$00000001  mc_w.l(entry2.o)
    0x0800014c   0x0800014c   0x00000004   Code   RO          258    .ARM.Collect$$$$00000004  mc_w.l(entry5.o)
    0x08000150   0x08000150   0x00000000   Code   RO          260    .ARM.Collect$$$$00000008  mc_w.l(entry7b.o)
    0x08000150   0x08000150   0x00000000   Code   RO          262    .ARM.Collect$$$$0000000A  mc_w.l(entry8b.o)
    0x08000150   0x08000150   0x00000008   Code   RO          263    .ARM.Collect$$$$0000000B  mc_w.l(entry9a.o)
    0x08000158   0x08000158   0x00000004   Code   RO          270    .ARM.Collect$$$$0000000E  mc_w.l(entry12b.o)
    0x0800015c   0x0800015c   0x00000000   Code   RO          265    .ARM.Collect$$$$0000000F  mc_w.l(entry10a.o)
    0x0800015c   0x0800015c   0x00000000   Code   RO          267    .ARM.Collect$$$$00000011  mc_w.l(entry11a.o)
    0x0800015c   0x0800015c   0x00000004   Code   RO          256    .ARM.Collect$$$$00002712  mc_w.l(entry2.o)
    0x08000160   0x08000160   0x00000024   Code   RO            4    .text               startup_n32l40x.o
    0x08000184   0x08000184   0x000003b4   Code   RO           13    .text               system_n32l40x.o
    0x08000538   0x08000538   0x0000055c   Code   RO          142    .text               n32l40x_gpio.o
    0x08000a94   0x08000a94   0x000007f8   Code   RO          170    .text               n32l40x_rcc.o
    0x0800128c   0x0800128c   0x00000084   Code   RO          196    .text               main.o
    0x08001310   0x08001310   0x0000001a   Code   RO          227    .text               n32l40x_it.o
    0x0800132a   0x0800132a   0x00000002   PAD
    0x0800132c   0x0800132c   0x00000024   Code   RO          271    .text               mc_w.l(init.o)
    0x08001350   0x08001350   0x0000000e   Code   RO          275    i.__scatterload_copy  mc_w.l(handlers.o)
    0x0800135e   0x0800135e   0x00000002   Code   RO          276    i.__scatterload_null  mc_w.l(handlers.o)
    0x08001360   0x08001360   0x0000000e   Code   RO          277    i.__scatterload_zeroinit  mc_w.l(handlers.o)
    0x0800136e   0x0800136e   0x00000002   PAD
    0x08001370   0x08001370   0x0000002c   Data   RO           14    .constdata          system_n32l40x.o
    0x0800139c   0x0800139c   0x0000005c   Data   RO          171    .constdata          n32l40x_rcc.o
    0x080013f8   0x080013f8   0x00000020   Data   RO          273    Region$$Table       anon$$obj.o


    Execution Region RW_IRAM1 (Exec base: 0x20000000, Load base: 0x08001418, Size: 0x00001508, Max: 0x00006000, ABSOLUTE)

    Exec Addr    Load Addr    Size         Type   Attr      Idx    E Section Name        Object

    0x20000000   0x08001418   0x00000004   Data   RW           15    .data               system_n32l40x.o
    0x20000004   0x0800141c   0x00000004   PAD
    0x20000008        -       0x00001500   Zero   RW            1    STACK               startup_n32l40x.o


==============================================================================

Image component sizes


      Code (inc. data)   RO Data    RW Data    ZI Data      Debug   Object Name

       132         10          0          0          0       1121   main.o
      1372         52          0          0          0       7036   n32l40x_gpio.o
        26          0          0          0          0       1255   n32l40x_it.o
      2040         84         92          0          0      17785   n32l40x_rcc.o
        36          8        328          0       5376        932   startup_n32l40x.o
       948         68         44          4          0     279495   system_n32l40x.o

    ----------------------------------------------------------------------
      4556        222        496          4       5380     307624   Object Totals
         0          0         32          0          0          0   (incl. Generated)
         2          0          0          0          4          0   (incl. Padding)

    ----------------------------------------------------------------------

      Code (inc. data)   RO Data    RW Data    ZI Data      Debug   Library Member Name

         0          0          0          0          0          0   entry.o
         0          0          0          0          0          0   entry10a.o
         0          0          0          0          0          0   entry11a.o
         4          0          0          0          0          0   entry12b.o
         8          4          0          0          0          0   entry2.o
         4          0          0          0          0          0   entry5.o
         0          0          0          0          0          0   entry7b.o
         0          0          0          0          0          0   entry8b.o
         8          4          0          0          0          0   entry9a.o
        30          0          0          0          0          0   handlers.o
        36          8          0          0          0         68   init.o

    ----------------------------------------------------------------------
        92         16          0          0          0         68   Library Totals
         2          0          0          0          0          0   (incl. Padding)

    ----------------------------------------------------------------------

      Code (inc. data)   RO Data    RW Data    ZI Data      Debug   Library Name

        90         16          0          0          0         68   mc_w.l

    ----------------------------------------------------------------------
        92         16          0          0          0         68   Library Totals

    ----------------------------------------------------------------------

==============================================================================


      Code (inc. data)   RO Data    RW Data    ZI Data      Debug   

      4648        238        496          4       5380     307196   Grand Totals
      4648        238        496          4       5380     307196   ELF Image Totals
      4648        238        496          4          0          0   ROM Totals

==============================================================================

    Total RO  Size (Code + RO Data)                 5144 (   5.02kB)
    Total RW  Size (RW Data + ZI Data)              5384 (   5.26kB)
    Total ROM Size (Code + RO Data + RW Data)       5148 (   5.03kB)

==============================================================================

