<html>
<body>
<pre>
<h1>µVision Build Log</h1>
<h2>Tool Versions:</h2>
IDE-Version: ¦ÌVision V5.38.0.0
Copyright (C) 2022 ARM Ltd and ARM Germany GmbH. All rights reserved.
License Information: 1 1, 1, LIC=PE7DL-0CE25-56CQ2-92D80-7BGKQ-YGE02
 
Tool Versions:
Toolchain:       MDK-ARM Plus  Version: 5.38.0.0
Toolchain Path:  D:\Keil_ARM\ARM\ARMCC\Bin
C Compiler:      Armcc.exe V5.06 update 7 (build 960)
Assembler:       Armasm.exe V5.06 update 7 (build 960)
Linker/Locator:  ArmLink.exe V5.06 update 7 (build 960)
Library Manager: ArmAr.exe V5.06 update 7 (build 960)
Hex Converter:   FromElf.exe V5.06 update 7 (build 960)
CPU DLL:         SARMCM3.DLL V5.38.0.0
Dialog DLL:      DCM.DLL V1.17.5.0
Target DLL:      STLink\ST-LINKIII-KEIL_SWO.dll V3.1.0.0
Dialog DLL:      TCM.DLL V1.56.4.0
 
<h2>Project:</h2>
e:\09_well lid\Nations.N32L40x_Library.2.1.0\projects\well_lid\MDK-ARM\LedBlink.uvprojx
Project File Date:  01/30/2026

<h2>Output:</h2>
*** Using Compiler 'V5.06 update 7 (build 960)', folder: 'D:\Keil_ARM\ARM\ARMCC\Bin'
Rebuild target 'n32l40x'
assembling startup_n32l40x.s...
compiling n32l40x_it.c...
compiling main.c...
compiling n32l40x_gpio.c...
compiling system_n32l40x.c...
compiling n32l40x_rcc.c...
linking...
Program Size: Code=4648 RO-data=496 RW-data=4 ZI-data=5380  
FromELF: creating hex file...
".\Objects\LedBlink.axf" - 0 Error(s), 0 Warning(s).

<h2>Software Packages used:</h2>

Package Vendor: Nationstech
                http://www.keil.com/pack/Nationstech.N32L40x_DFP.1.3.0.pack
                Nationstech.N32L40x_DFP.1.3.0
                Nationstech N32L40x Series Device Support, Drivers and Examples

<h2>Collection of Component include folders:</h2>
  D:/Keil_ARM/Packs/Nationstech/N32L40x_DFP/1.3.0/firmware/CMSIS/device

<h2>Collection of Component Files used:</h2>
Build Time Elapsed:  00:00:00
</pre>
</body>
</html>
