<!doctype html public "-//w3c//dtd html 4.0 transitional//en">
<html><head>
<title>Static Call Graph - [.\Objects\LedBlink.axf]</title></head>
<body><HR>
<H1>Static Call Graph for image .\Objects\LedBlink.axf</H1><HR>
<BR><P>#&#060CALLGRAPH&#062# ARM Linker, 5060960: Last Updated: Fri Jan 30 11:50:27 2026
<BR><P>
<H3>Maximum Stack Usage =         44 bytes + Unknown(Cycles, Untraceable Function Pointers)</H3><H3>
Call chain for Maximum Stack Depth:</H3>
main &rArr; Har_LED_Init &rArr; GPIO_InitPeripheral
<P>
<H3>
Mutually Recursive functions
</H3> <LI><a href="#[8]">PendSV_Handler</a>&nbsp;&nbsp;&nbsp;&rArr;&nbsp;&nbsp;&nbsp;<a href="#[8]">PendSV_Handler</a><BR>
 <LI><a href="#[1d]">ADC_IRQHandler</a>&nbsp;&nbsp;&nbsp;&rArr;&nbsp;&nbsp;&nbsp;<a href="#[1d]">ADC_IRQHandler</a><BR>
</UL>
<P>
<H3>
Function Pointers
</H3><UL>
 <LI><a href="#[1d]">ADC_IRQHandler</a> from startup_n32l40x.o(.text) referenced from startup_n32l40x.o(RESET)
 <LI><a href="#[4]">BusFault_Handler</a> from n32l40x_it.o(.text) referenced from startup_n32l40x.o(RESET)
 <LI><a href="#[40]">CAN_RX0_IRQHandler</a> from startup_n32l40x.o(.text) referenced from startup_n32l40x.o(RESET)
 <LI><a href="#[41]">CAN_RX1_IRQHandler</a> from startup_n32l40x.o(.text) referenced from startup_n32l40x.o(RESET)
 <LI><a href="#[42]">CAN_SCE_IRQHandler</a> from startup_n32l40x.o(.text) referenced from startup_n32l40x.o(RESET)
 <LI><a href="#[3f]">CAN_TX_IRQHandler</a> from startup_n32l40x.o(.text) referenced from startup_n32l40x.o(RESET)
 <LI><a href="#[20]">COMP_1_2_IRQHandler</a> from startup_n32l40x.o(.text) referenced from startup_n32l40x.o(RESET)
 <LI><a href="#[15]">DMA_Channel1_IRQHandler</a> from startup_n32l40x.o(.text) referenced from startup_n32l40x.o(RESET)
 <LI><a href="#[16]">DMA_Channel2_IRQHandler</a> from startup_n32l40x.o(.text) referenced from startup_n32l40x.o(RESET)
 <LI><a href="#[17]">DMA_Channel3_IRQHandler</a> from startup_n32l40x.o(.text) referenced from startup_n32l40x.o(RESET)
 <LI><a href="#[18]">DMA_Channel4_IRQHandler</a> from startup_n32l40x.o(.text) referenced from startup_n32l40x.o(RESET)
 <LI><a href="#[19]">DMA_Channel5_IRQHandler</a> from startup_n32l40x.o(.text) referenced from startup_n32l40x.o(RESET)
 <LI><a href="#[1a]">DMA_Channel6_IRQHandler</a> from startup_n32l40x.o(.text) referenced from startup_n32l40x.o(RESET)
 <LI><a href="#[1b]">DMA_Channel7_IRQHandler</a> from startup_n32l40x.o(.text) referenced from startup_n32l40x.o(RESET)
 <LI><a href="#[1c]">DMA_Channel8_IRQHandler</a> from startup_n32l40x.o(.text) referenced from startup_n32l40x.o(RESET)
 <LI><a href="#[7]">DebugMon_Handler</a> from n32l40x_it.o(.text) referenced from startup_n32l40x.o(RESET)
 <LI><a href="#[10]">EXTI0_IRQHandler</a> from startup_n32l40x.o(.text) referenced from startup_n32l40x.o(RESET)
 <LI><a href="#[32]">EXTI15_10_IRQHandler</a> from startup_n32l40x.o(.text) referenced from startup_n32l40x.o(RESET)
 <LI><a href="#[11]">EXTI1_IRQHandler</a> from startup_n32l40x.o(.text) referenced from startup_n32l40x.o(RESET)
 <LI><a href="#[12]">EXTI2_IRQHandler</a> from startup_n32l40x.o(.text) referenced from startup_n32l40x.o(RESET)
 <LI><a href="#[13]">EXTI3_IRQHandler</a> from startup_n32l40x.o(.text) referenced from startup_n32l40x.o(RESET)
 <LI><a href="#[14]">EXTI4_IRQHandler</a> from startup_n32l40x.o(.text) referenced from startup_n32l40x.o(RESET)
 <LI><a href="#[21]">EXTI9_5_IRQHandler</a> from startup_n32l40x.o(.text) referenced from startup_n32l40x.o(RESET)
 <LI><a href="#[e]">FLASH_IRQHandler</a> from startup_n32l40x.o(.text) referenced from startup_n32l40x.o(RESET)
 <LI><a href="#[2]">HardFault_Handler</a> from n32l40x_it.o(.text) referenced from startup_n32l40x.o(RESET)
 <LI><a href="#[2a]">I2C1_ER_IRQHandler</a> from startup_n32l40x.o(.text) referenced from startup_n32l40x.o(RESET)
 <LI><a href="#[29]">I2C1_EV_IRQHandler</a> from startup_n32l40x.o(.text) referenced from startup_n32l40x.o(RESET)
 <LI><a href="#[2c]">I2C2_ER_IRQHandler</a> from startup_n32l40x.o(.text) referenced from startup_n32l40x.o(RESET)
 <LI><a href="#[2b]">I2C2_EV_IRQHandler</a> from startup_n32l40x.o(.text) referenced from startup_n32l40x.o(RESET)
 <LI><a href="#[45]">LCD_IRQHandler</a> from startup_n32l40x.o(.text) referenced from startup_n32l40x.o(RESET)
 <LI><a href="#[44]">LPTIM_WKUP_IRQHandler</a> from startup_n32l40x.o(.text) referenced from startup_n32l40x.o(RESET)
 <LI><a href="#[3b]">LPUART_IRQHandler</a> from startup_n32l40x.o(.text) referenced from startup_n32l40x.o(RESET)
 <LI><a href="#[43]">LPUART_WKUP_IRQHandler</a> from startup_n32l40x.o(.text) referenced from startup_n32l40x.o(RESET)
 <LI><a href="#[47]">MMU_IRQHandler</a> from startup_n32l40x.o(.text) referenced from startup_n32l40x.o(RESET)
 <LI><a href="#[3]">MemManage_Handler</a> from n32l40x_it.o(.text) referenced from startup_n32l40x.o(RESET)
 <LI><a href="#[1]">NMI_Handler</a> from n32l40x_it.o(.text) referenced from startup_n32l40x.o(RESET)
 <LI><a href="#[b]">PVD_IRQHandler</a> from startup_n32l40x.o(.text) referenced from startup_n32l40x.o(RESET)
 <LI><a href="#[8]">PendSV_Handler</a> from startup_n32l40x.o(.text) referenced from startup_n32l40x.o(RESET)
 <LI><a href="#[49]">RAMC_PERR_IRQHandler</a> from startup_n32l40x.o(.text) referenced from startup_n32l40x.o(RESET)
 <LI><a href="#[f]">RCC_IRQHandler</a> from startup_n32l40x.o(.text) referenced from startup_n32l40x.o(RESET)
 <LI><a href="#[33]">RTCAlarm_IRQHandler</a> from startup_n32l40x.o(.text) referenced from startup_n32l40x.o(RESET)
 <LI><a href="#[d]">RTC_WKUP_IRQHandler</a> from startup_n32l40x.o(.text) referenced from startup_n32l40x.o(RESET)
 <LI><a href="#[0]">Reset_Handler</a> from startup_n32l40x.o(.text) referenced from startup_n32l40x.o(RESET)
 <LI><a href="#[46]">SAC_IRQHandler</a> from startup_n32l40x.o(.text) referenced from startup_n32l40x.o(RESET)
 <LI><a href="#[2d]">SPI1_IRQHandler</a> from startup_n32l40x.o(.text) referenced from startup_n32l40x.o(RESET)
 <LI><a href="#[2e]">SPI2_IRQHandler</a> from startup_n32l40x.o(.text) referenced from startup_n32l40x.o(RESET)
 <LI><a href="#[6]">SVC_Handler</a> from n32l40x_it.o(.text) referenced from startup_n32l40x.o(RESET)
 <LI><a href="#[9]">SysTick_Handler</a> from n32l40x_it.o(.text) referenced from startup_n32l40x.o(RESET)
 <LI><a href="#[4d]">SystemInit</a> from system_n32l40x.o(.text) referenced from startup_n32l40x.o(.text)
 <LI><a href="#[c]">TAMPER_IRQHandler</a> from startup_n32l40x.o(.text) referenced from startup_n32l40x.o(RESET)
 <LI><a href="#[22]">TIM1_BRK_IRQHandler</a> from startup_n32l40x.o(.text) referenced from startup_n32l40x.o(RESET)
 <LI><a href="#[25]">TIM1_CC_IRQHandler</a> from startup_n32l40x.o(.text) referenced from startup_n32l40x.o(RESET)
 <LI><a href="#[24]">TIM1_TRG_COM_IRQHandler</a> from startup_n32l40x.o(.text) referenced from startup_n32l40x.o(RESET)
 <LI><a href="#[23]">TIM1_UP_IRQHandler</a> from startup_n32l40x.o(.text) referenced from startup_n32l40x.o(RESET)
 <LI><a href="#[26]">TIM2_IRQHandler</a> from startup_n32l40x.o(.text) referenced from startup_n32l40x.o(RESET)
 <LI><a href="#[27]">TIM3_IRQHandler</a> from startup_n32l40x.o(.text) referenced from startup_n32l40x.o(RESET)
 <LI><a href="#[28]">TIM4_IRQHandler</a> from startup_n32l40x.o(.text) referenced from startup_n32l40x.o(RESET)
 <LI><a href="#[3c]">TIM5_IRQHandler</a> from startup_n32l40x.o(.text) referenced from startup_n32l40x.o(RESET)
 <LI><a href="#[3d]">TIM6_IRQHandler</a> from startup_n32l40x.o(.text) referenced from startup_n32l40x.o(RESET)
 <LI><a href="#[3e]">TIM7_IRQHandler</a> from startup_n32l40x.o(.text) referenced from startup_n32l40x.o(RESET)
 <LI><a href="#[35]">TIM8_BRK_IRQHandler</a> from startup_n32l40x.o(.text) referenced from startup_n32l40x.o(RESET)
 <LI><a href="#[38]">TIM8_CC_IRQHandler</a> from startup_n32l40x.o(.text) referenced from startup_n32l40x.o(RESET)
 <LI><a href="#[37]">TIM8_TRG_COM_IRQHandler</a> from startup_n32l40x.o(.text) referenced from startup_n32l40x.o(RESET)
 <LI><a href="#[36]">TIM8_UP_IRQHandler</a> from startup_n32l40x.o(.text) referenced from startup_n32l40x.o(RESET)
 <LI><a href="#[4a]">TIM9_IRQHandler</a> from startup_n32l40x.o(.text) referenced from startup_n32l40x.o(RESET)
 <LI><a href="#[48]">TSC_IRQHandler</a> from startup_n32l40x.o(.text) referenced from startup_n32l40x.o(RESET)
 <LI><a href="#[39]">UART4_IRQHandler</a> from startup_n32l40x.o(.text) referenced from startup_n32l40x.o(RESET)
 <LI><a href="#[3a]">UART5_IRQHandler</a> from startup_n32l40x.o(.text) referenced from startup_n32l40x.o(RESET)
 <LI><a href="#[4b]">UCDR_IRQHandler</a> from startup_n32l40x.o(.text) referenced from startup_n32l40x.o(RESET)
 <LI><a href="#[2f]">USART1_IRQHandler</a> from startup_n32l40x.o(.text) referenced from startup_n32l40x.o(RESET)
 <LI><a href="#[30]">USART2_IRQHandler</a> from startup_n32l40x.o(.text) referenced from startup_n32l40x.o(RESET)
 <LI><a href="#[31]">USART3_IRQHandler</a> from startup_n32l40x.o(.text) referenced from startup_n32l40x.o(RESET)
 <LI><a href="#[34]">USBWakeUp_IRQHandler</a> from startup_n32l40x.o(.text) referenced from startup_n32l40x.o(RESET)
 <LI><a href="#[1e]">USB_HP_IRQHandler</a> from startup_n32l40x.o(.text) referenced from startup_n32l40x.o(RESET)
 <LI><a href="#[1f]">USB_LP_IRQHandler</a> from startup_n32l40x.o(.text) referenced from startup_n32l40x.o(RESET)
 <LI><a href="#[5]">UsageFault_Handler</a> from n32l40x_it.o(.text) referenced from startup_n32l40x.o(RESET)
 <LI><a href="#[a]">WWDG_IRQHandler</a> from startup_n32l40x.o(.text) referenced from startup_n32l40x.o(RESET)
 <LI><a href="#[4e]">__main</a> from entry.o(.ARM.Collect$$$$00000000) referenced from startup_n32l40x.o(.text)
 <LI><a href="#[4c]">main</a> from main.o(.text) referenced from entry9a.o(.ARM.Collect$$$$0000000B)
</UL>
<P>
<H3>
Global Symbols
</H3>
<P><STRONG><a name="[4e]"></a>__main</STRONG> (Thumb, 0 bytes, Stack size unknown bytes, entry.o(.ARM.Collect$$$$00000000))
<BR>[Address Reference Count : 1]<UL><LI> startup_n32l40x.o(.text)
</UL>
<P><STRONG><a name="[68]"></a>_main_stk</STRONG> (Thumb, 0 bytes, Stack size unknown bytes, entry2.o(.ARM.Collect$$$$00000001))

<P><STRONG><a name="[4f]"></a>_main_scatterload</STRONG> (Thumb, 0 bytes, Stack size unknown bytes, entry5.o(.ARM.Collect$$$$00000004))
<BR><BR>[Calls]<UL><LI><a href="#[50]">&gt;&gt;</a>&nbsp;&nbsp;&nbsp;__scatterload
</UL>

<P><STRONG><a name="[67]"></a>__main_after_scatterload</STRONG> (Thumb, 0 bytes, Stack size unknown bytes, entry5.o(.ARM.Collect$$$$00000004))
<BR><BR>[Called By]<UL><LI><a href="#[50]">&gt;&gt;</a>&nbsp;&nbsp;&nbsp;__scatterload
</UL>

<P><STRONG><a name="[69]"></a>_main_clock</STRONG> (Thumb, 0 bytes, Stack size unknown bytes, entry7b.o(.ARM.Collect$$$$00000008))

<P><STRONG><a name="[6a]"></a>_main_cpp_init</STRONG> (Thumb, 0 bytes, Stack size unknown bytes, entry8b.o(.ARM.Collect$$$$0000000A))

<P><STRONG><a name="[6b]"></a>_main_init</STRONG> (Thumb, 0 bytes, Stack size unknown bytes, entry9a.o(.ARM.Collect$$$$0000000B))

<P><STRONG><a name="[6c]"></a>__rt_lib_shutdown_fini</STRONG> (Thumb, 0 bytes, Stack size unknown bytes, entry12b.o(.ARM.Collect$$$$0000000E))

<P><STRONG><a name="[6d]"></a>__rt_final_cpp</STRONG> (Thumb, 0 bytes, Stack size unknown bytes, entry10a.o(.ARM.Collect$$$$0000000F))

<P><STRONG><a name="[6e]"></a>__rt_final_exit</STRONG> (Thumb, 0 bytes, Stack size unknown bytes, entry11a.o(.ARM.Collect$$$$00000011))

<P><STRONG><a name="[0]"></a>Reset_Handler</STRONG> (Thumb, 8 bytes, Stack size 0 bytes, startup_n32l40x.o(.text))
<BR>[Address Reference Count : 1]<UL><LI> startup_n32l40x.o(RESET)
</UL>
<P><STRONG><a name="[8]"></a>PendSV_Handler</STRONG> (Thumb, 2 bytes, Stack size 0 bytes, startup_n32l40x.o(.text))
<BR><BR>[Calls]<UL><LI><a href="#[8]">&gt;&gt;</a>&nbsp;&nbsp;&nbsp;PendSV_Handler
</UL>
<BR>[Called By]<UL><LI><a href="#[8]">&gt;&gt;</a>&nbsp;&nbsp;&nbsp;PendSV_Handler
</UL>
<BR>[Address Reference Count : 1]<UL><LI> startup_n32l40x.o(RESET)
</UL>
<P><STRONG><a name="[1d]"></a>ADC_IRQHandler</STRONG> (Thumb, 0 bytes, Stack size 0 bytes, startup_n32l40x.o(.text))
<BR><BR>[Calls]<UL><LI><a href="#[1d]">&gt;&gt;</a>&nbsp;&nbsp;&nbsp;ADC_IRQHandler
</UL>
<BR>[Called By]<UL><LI><a href="#[1d]">&gt;&gt;</a>&nbsp;&nbsp;&nbsp;ADC_IRQHandler
</UL>
<BR>[Address Reference Count : 1]<UL><LI> startup_n32l40x.o(RESET)
</UL>
<P><STRONG><a name="[40]"></a>CAN_RX0_IRQHandler</STRONG> (Thumb, 0 bytes, Stack size 0 bytes, startup_n32l40x.o(.text))
<BR>[Address Reference Count : 1]<UL><LI> startup_n32l40x.o(RESET)
</UL>
<P><STRONG><a name="[41]"></a>CAN_RX1_IRQHandler</STRONG> (Thumb, 0 bytes, Stack size 0 bytes, startup_n32l40x.o(.text))
<BR>[Address Reference Count : 1]<UL><LI> startup_n32l40x.o(RESET)
</UL>
<P><STRONG><a name="[42]"></a>CAN_SCE_IRQHandler</STRONG> (Thumb, 0 bytes, Stack size 0 bytes, startup_n32l40x.o(.text))
<BR>[Address Reference Count : 1]<UL><LI> startup_n32l40x.o(RESET)
</UL>
<P><STRONG><a name="[3f]"></a>CAN_TX_IRQHandler</STRONG> (Thumb, 0 bytes, Stack size 0 bytes, startup_n32l40x.o(.text))
<BR>[Address Reference Count : 1]<UL><LI> startup_n32l40x.o(RESET)
</UL>
<P><STRONG><a name="[20]"></a>COMP_1_2_IRQHandler</STRONG> (Thumb, 0 bytes, Stack size 0 bytes, startup_n32l40x.o(.text))
<BR>[Address Reference Count : 1]<UL><LI> startup_n32l40x.o(RESET)
</UL>
<P><STRONG><a name="[15]"></a>DMA_Channel1_IRQHandler</STRONG> (Thumb, 0 bytes, Stack size 0 bytes, startup_n32l40x.o(.text))
<BR>[Address Reference Count : 1]<UL><LI> startup_n32l40x.o(RESET)
</UL>
<P><STRONG><a name="[16]"></a>DMA_Channel2_IRQHandler</STRONG> (Thumb, 0 bytes, Stack size 0 bytes, startup_n32l40x.o(.text))
<BR>[Address Reference Count : 1]<UL><LI> startup_n32l40x.o(RESET)
</UL>
<P><STRONG><a name="[17]"></a>DMA_Channel3_IRQHandler</STRONG> (Thumb, 0 bytes, Stack size 0 bytes, startup_n32l40x.o(.text))
<BR>[Address Reference Count : 1]<UL><LI> startup_n32l40x.o(RESET)
</UL>
<P><STRONG><a name="[18]"></a>DMA_Channel4_IRQHandler</STRONG> (Thumb, 0 bytes, Stack size 0 bytes, startup_n32l40x.o(.text))
<BR>[Address Reference Count : 1]<UL><LI> startup_n32l40x.o(RESET)
</UL>
<P><STRONG><a name="[19]"></a>DMA_Channel5_IRQHandler</STRONG> (Thumb, 0 bytes, Stack size 0 bytes, startup_n32l40x.o(.text))
<BR>[Address Reference Count : 1]<UL><LI> startup_n32l40x.o(RESET)
</UL>
<P><STRONG><a name="[1a]"></a>DMA_Channel6_IRQHandler</STRONG> (Thumb, 0 bytes, Stack size 0 bytes, startup_n32l40x.o(.text))
<BR>[Address Reference Count : 1]<UL><LI> startup_n32l40x.o(RESET)
</UL>
<P><STRONG><a name="[1b]"></a>DMA_Channel7_IRQHandler</STRONG> (Thumb, 0 bytes, Stack size 0 bytes, startup_n32l40x.o(.text))
<BR>[Address Reference Count : 1]<UL><LI> startup_n32l40x.o(RESET)
</UL>
<P><STRONG><a name="[1c]"></a>DMA_Channel8_IRQHandler</STRONG> (Thumb, 0 bytes, Stack size 0 bytes, startup_n32l40x.o(.text))
<BR>[Address Reference Count : 1]<UL><LI> startup_n32l40x.o(RESET)
</UL>
<P><STRONG><a name="[10]"></a>EXTI0_IRQHandler</STRONG> (Thumb, 0 bytes, Stack size 0 bytes, startup_n32l40x.o(.text))
<BR>[Address Reference Count : 1]<UL><LI> startup_n32l40x.o(RESET)
</UL>
<P><STRONG><a name="[32]"></a>EXTI15_10_IRQHandler</STRONG> (Thumb, 0 bytes, Stack size 0 bytes, startup_n32l40x.o(.text))
<BR>[Address Reference Count : 1]<UL><LI> startup_n32l40x.o(RESET)
</UL>
<P><STRONG><a name="[11]"></a>EXTI1_IRQHandler</STRONG> (Thumb, 0 bytes, Stack size 0 bytes, startup_n32l40x.o(.text))
<BR>[Address Reference Count : 1]<UL><LI> startup_n32l40x.o(RESET)
</UL>
<P><STRONG><a name="[12]"></a>EXTI2_IRQHandler</STRONG> (Thumb, 0 bytes, Stack size 0 bytes, startup_n32l40x.o(.text))
<BR>[Address Reference Count : 1]<UL><LI> startup_n32l40x.o(RESET)
</UL>
<P><STRONG><a name="[13]"></a>EXTI3_IRQHandler</STRONG> (Thumb, 0 bytes, Stack size 0 bytes, startup_n32l40x.o(.text))
<BR>[Address Reference Count : 1]<UL><LI> startup_n32l40x.o(RESET)
</UL>
<P><STRONG><a name="[14]"></a>EXTI4_IRQHandler</STRONG> (Thumb, 0 bytes, Stack size 0 bytes, startup_n32l40x.o(.text))
<BR>[Address Reference Count : 1]<UL><LI> startup_n32l40x.o(RESET)
</UL>
<P><STRONG><a name="[21]"></a>EXTI9_5_IRQHandler</STRONG> (Thumb, 0 bytes, Stack size 0 bytes, startup_n32l40x.o(.text))
<BR>[Address Reference Count : 1]<UL><LI> startup_n32l40x.o(RESET)
</UL>
<P><STRONG><a name="[e]"></a>FLASH_IRQHandler</STRONG> (Thumb, 0 bytes, Stack size 0 bytes, startup_n32l40x.o(.text))
<BR>[Address Reference Count : 1]<UL><LI> startup_n32l40x.o(RESET)
</UL>
<P><STRONG><a name="[2a]"></a>I2C1_ER_IRQHandler</STRONG> (Thumb, 0 bytes, Stack size 0 bytes, startup_n32l40x.o(.text))
<BR>[Address Reference Count : 1]<UL><LI> startup_n32l40x.o(RESET)
</UL>
<P><STRONG><a name="[29]"></a>I2C1_EV_IRQHandler</STRONG> (Thumb, 0 bytes, Stack size 0 bytes, startup_n32l40x.o(.text))
<BR>[Address Reference Count : 1]<UL><LI> startup_n32l40x.o(RESET)
</UL>
<P><STRONG><a name="[2c]"></a>I2C2_ER_IRQHandler</STRONG> (Thumb, 0 bytes, Stack size 0 bytes, startup_n32l40x.o(.text))
<BR>[Address Reference Count : 1]<UL><LI> startup_n32l40x.o(RESET)
</UL>
<P><STRONG><a name="[2b]"></a>I2C2_EV_IRQHandler</STRONG> (Thumb, 0 bytes, Stack size 0 bytes, startup_n32l40x.o(.text))
<BR>[Address Reference Count : 1]<UL><LI> startup_n32l40x.o(RESET)
</UL>
<P><STRONG><a name="[45]"></a>LCD_IRQHandler</STRONG> (Thumb, 0 bytes, Stack size 0 bytes, startup_n32l40x.o(.text))
<BR>[Address Reference Count : 1]<UL><LI> startup_n32l40x.o(RESET)
</UL>
<P><STRONG><a name="[44]"></a>LPTIM_WKUP_IRQHandler</STRONG> (Thumb, 0 bytes, Stack size 0 bytes, startup_n32l40x.o(.text))
<BR>[Address Reference Count : 1]<UL><LI> startup_n32l40x.o(RESET)
</UL>
<P><STRONG><a name="[3b]"></a>LPUART_IRQHandler</STRONG> (Thumb, 0 bytes, Stack size 0 bytes, startup_n32l40x.o(.text))
<BR>[Address Reference Count : 1]<UL><LI> startup_n32l40x.o(RESET)
</UL>
<P><STRONG><a name="[43]"></a>LPUART_WKUP_IRQHandler</STRONG> (Thumb, 0 bytes, Stack size 0 bytes, startup_n32l40x.o(.text))
<BR>[Address Reference Count : 1]<UL><LI> startup_n32l40x.o(RESET)
</UL>
<P><STRONG><a name="[47]"></a>MMU_IRQHandler</STRONG> (Thumb, 0 bytes, Stack size 0 bytes, startup_n32l40x.o(.text))
<BR>[Address Reference Count : 1]<UL><LI> startup_n32l40x.o(RESET)
</UL>
<P><STRONG><a name="[b]"></a>PVD_IRQHandler</STRONG> (Thumb, 0 bytes, Stack size 0 bytes, startup_n32l40x.o(.text))
<BR>[Address Reference Count : 1]<UL><LI> startup_n32l40x.o(RESET)
</UL>
<P><STRONG><a name="[49]"></a>RAMC_PERR_IRQHandler</STRONG> (Thumb, 0 bytes, Stack size 0 bytes, startup_n32l40x.o(.text))
<BR>[Address Reference Count : 1]<UL><LI> startup_n32l40x.o(RESET)
</UL>
<P><STRONG><a name="[f]"></a>RCC_IRQHandler</STRONG> (Thumb, 0 bytes, Stack size 0 bytes, startup_n32l40x.o(.text))
<BR>[Address Reference Count : 1]<UL><LI> startup_n32l40x.o(RESET)
</UL>
<P><STRONG><a name="[33]"></a>RTCAlarm_IRQHandler</STRONG> (Thumb, 0 bytes, Stack size 0 bytes, startup_n32l40x.o(.text))
<BR>[Address Reference Count : 1]<UL><LI> startup_n32l40x.o(RESET)
</UL>
<P><STRONG><a name="[d]"></a>RTC_WKUP_IRQHandler</STRONG> (Thumb, 0 bytes, Stack size 0 bytes, startup_n32l40x.o(.text))
<BR>[Address Reference Count : 1]<UL><LI> startup_n32l40x.o(RESET)
</UL>
<P><STRONG><a name="[46]"></a>SAC_IRQHandler</STRONG> (Thumb, 0 bytes, Stack size 0 bytes, startup_n32l40x.o(.text))
<BR>[Address Reference Count : 1]<UL><LI> startup_n32l40x.o(RESET)
</UL>
<P><STRONG><a name="[2d]"></a>SPI1_IRQHandler</STRONG> (Thumb, 0 bytes, Stack size 0 bytes, startup_n32l40x.o(.text))
<BR>[Address Reference Count : 1]<UL><LI> startup_n32l40x.o(RESET)
</UL>
<P><STRONG><a name="[2e]"></a>SPI2_IRQHandler</STRONG> (Thumb, 0 bytes, Stack size 0 bytes, startup_n32l40x.o(.text))
<BR>[Address Reference Count : 1]<UL><LI> startup_n32l40x.o(RESET)
</UL>
<P><STRONG><a name="[c]"></a>TAMPER_IRQHandler</STRONG> (Thumb, 0 bytes, Stack size 0 bytes, startup_n32l40x.o(.text))
<BR>[Address Reference Count : 1]<UL><LI> startup_n32l40x.o(RESET)
</UL>
<P><STRONG><a name="[22]"></a>TIM1_BRK_IRQHandler</STRONG> (Thumb, 0 bytes, Stack size 0 bytes, startup_n32l40x.o(.text))
<BR>[Address Reference Count : 1]<UL><LI> startup_n32l40x.o(RESET)
</UL>
<P><STRONG><a name="[25]"></a>TIM1_CC_IRQHandler</STRONG> (Thumb, 0 bytes, Stack size 0 bytes, startup_n32l40x.o(.text))
<BR>[Address Reference Count : 1]<UL><LI> startup_n32l40x.o(RESET)
</UL>
<P><STRONG><a name="[24]"></a>TIM1_TRG_COM_IRQHandler</STRONG> (Thumb, 0 bytes, Stack size 0 bytes, startup_n32l40x.o(.text))
<BR>[Address Reference Count : 1]<UL><LI> startup_n32l40x.o(RESET)
</UL>
<P><STRONG><a name="[23]"></a>TIM1_UP_IRQHandler</STRONG> (Thumb, 0 bytes, Stack size 0 bytes, startup_n32l40x.o(.text))
<BR>[Address Reference Count : 1]<UL><LI> startup_n32l40x.o(RESET)
</UL>
<P><STRONG><a name="[26]"></a>TIM2_IRQHandler</STRONG> (Thumb, 0 bytes, Stack size 0 bytes, startup_n32l40x.o(.text))
<BR>[Address Reference Count : 1]<UL><LI> startup_n32l40x.o(RESET)
</UL>
<P><STRONG><a name="[27]"></a>TIM3_IRQHandler</STRONG> (Thumb, 0 bytes, Stack size 0 bytes, startup_n32l40x.o(.text))
<BR>[Address Reference Count : 1]<UL><LI> startup_n32l40x.o(RESET)
</UL>
<P><STRONG><a name="[28]"></a>TIM4_IRQHandler</STRONG> (Thumb, 0 bytes, Stack size 0 bytes, startup_n32l40x.o(.text))
<BR>[Address Reference Count : 1]<UL><LI> startup_n32l40x.o(RESET)
</UL>
<P><STRONG><a name="[3c]"></a>TIM5_IRQHandler</STRONG> (Thumb, 0 bytes, Stack size 0 bytes, startup_n32l40x.o(.text))
<BR>[Address Reference Count : 1]<UL><LI> startup_n32l40x.o(RESET)
</UL>
<P><STRONG><a name="[3d]"></a>TIM6_IRQHandler</STRONG> (Thumb, 0 bytes, Stack size 0 bytes, startup_n32l40x.o(.text))
<BR>[Address Reference Count : 1]<UL><LI> startup_n32l40x.o(RESET)
</UL>
<P><STRONG><a name="[3e]"></a>TIM7_IRQHandler</STRONG> (Thumb, 0 bytes, Stack size 0 bytes, startup_n32l40x.o(.text))
<BR>[Address Reference Count : 1]<UL><LI> startup_n32l40x.o(RESET)
</UL>
<P><STRONG><a name="[35]"></a>TIM8_BRK_IRQHandler</STRONG> (Thumb, 0 bytes, Stack size 0 bytes, startup_n32l40x.o(.text))
<BR>[Address Reference Count : 1]<UL><LI> startup_n32l40x.o(RESET)
</UL>
<P><STRONG><a name="[38]"></a>TIM8_CC_IRQHandler</STRONG> (Thumb, 0 bytes, Stack size 0 bytes, startup_n32l40x.o(.text))
<BR>[Address Reference Count : 1]<UL><LI> startup_n32l40x.o(RESET)
</UL>
<P><STRONG><a name="[37]"></a>TIM8_TRG_COM_IRQHandler</STRONG> (Thumb, 0 bytes, Stack size 0 bytes, startup_n32l40x.o(.text))
<BR>[Address Reference Count : 1]<UL><LI> startup_n32l40x.o(RESET)
</UL>
<P><STRONG><a name="[36]"></a>TIM8_UP_IRQHandler</STRONG> (Thumb, 0 bytes, Stack size 0 bytes, startup_n32l40x.o(.text))
<BR>[Address Reference Count : 1]<UL><LI> startup_n32l40x.o(RESET)
</UL>
<P><STRONG><a name="[4a]"></a>TIM9_IRQHandler</STRONG> (Thumb, 0 bytes, Stack size 0 bytes, startup_n32l40x.o(.text))
<BR>[Address Reference Count : 1]<UL><LI> startup_n32l40x.o(RESET)
</UL>
<P><STRONG><a name="[48]"></a>TSC_IRQHandler</STRONG> (Thumb, 0 bytes, Stack size 0 bytes, startup_n32l40x.o(.text))
<BR>[Address Reference Count : 1]<UL><LI> startup_n32l40x.o(RESET)
</UL>
<P><STRONG><a name="[39]"></a>UART4_IRQHandler</STRONG> (Thumb, 0 bytes, Stack size 0 bytes, startup_n32l40x.o(.text))
<BR>[Address Reference Count : 1]<UL><LI> startup_n32l40x.o(RESET)
</UL>
<P><STRONG><a name="[3a]"></a>UART5_IRQHandler</STRONG> (Thumb, 0 bytes, Stack size 0 bytes, startup_n32l40x.o(.text))
<BR>[Address Reference Count : 1]<UL><LI> startup_n32l40x.o(RESET)
</UL>
<P><STRONG><a name="[4b]"></a>UCDR_IRQHandler</STRONG> (Thumb, 0 bytes, Stack size 0 bytes, startup_n32l40x.o(.text))
<BR>[Address Reference Count : 1]<UL><LI> startup_n32l40x.o(RESET)
</UL>
<P><STRONG><a name="[2f]"></a>USART1_IRQHandler</STRONG> (Thumb, 0 bytes, Stack size 0 bytes, startup_n32l40x.o(.text))
<BR>[Address Reference Count : 1]<UL><LI> startup_n32l40x.o(RESET)
</UL>
<P><STRONG><a name="[30]"></a>USART2_IRQHandler</STRONG> (Thumb, 0 bytes, Stack size 0 bytes, startup_n32l40x.o(.text))
<BR>[Address Reference Count : 1]<UL><LI> startup_n32l40x.o(RESET)
</UL>
<P><STRONG><a name="[31]"></a>USART3_IRQHandler</STRONG> (Thumb, 0 bytes, Stack size 0 bytes, startup_n32l40x.o(.text))
<BR>[Address Reference Count : 1]<UL><LI> startup_n32l40x.o(RESET)
</UL>
<P><STRONG><a name="[34]"></a>USBWakeUp_IRQHandler</STRONG> (Thumb, 0 bytes, Stack size 0 bytes, startup_n32l40x.o(.text))
<BR>[Address Reference Count : 1]<UL><LI> startup_n32l40x.o(RESET)
</UL>
<P><STRONG><a name="[1e]"></a>USB_HP_IRQHandler</STRONG> (Thumb, 0 bytes, Stack size 0 bytes, startup_n32l40x.o(.text))
<BR>[Address Reference Count : 1]<UL><LI> startup_n32l40x.o(RESET)
</UL>
<P><STRONG><a name="[1f]"></a>USB_LP_IRQHandler</STRONG> (Thumb, 0 bytes, Stack size 0 bytes, startup_n32l40x.o(.text))
<BR>[Address Reference Count : 1]<UL><LI> startup_n32l40x.o(RESET)
</UL>
<P><STRONG><a name="[a]"></a>WWDG_IRQHandler</STRONG> (Thumb, 0 bytes, Stack size 0 bytes, startup_n32l40x.o(.text))
<BR>[Address Reference Count : 1]<UL><LI> startup_n32l40x.o(RESET)
</UL>
<P><STRONG><a name="[52]"></a>ConfigMRVoltage1V</STRONG> (Thumb, 112 bytes, Stack size 0 bytes, system_n32l40x.o(.text))
<BR><BR>[Called By]<UL><LI><a href="#[51]">&gt;&gt;</a>&nbsp;&nbsp;&nbsp;SetSysClock
</UL>

<P><STRONG><a name="[4d]"></a>SystemInit</STRONG> (Thumb, 200 bytes, Stack size 8 bytes, system_n32l40x.o(.text))
<BR><BR>[Stack]<UL><LI>Max Depth = 28<LI>Call Chain = SystemInit &rArr; SetSysClock
</UL>
<BR>[Calls]<UL><LI><a href="#[51]">&gt;&gt;</a>&nbsp;&nbsp;&nbsp;SetSysClock
</UL>
<BR>[Address Reference Count : 1]<UL><LI> startup_n32l40x.o(.text)
</UL>
<P><STRONG><a name="[6f]"></a>SystemCoreClockUpdate</STRONG> (Thumb, 236 bytes, Stack size 16 bytes, system_n32l40x.o(.text), UNUSED)

<P><STRONG><a name="[70]"></a>ConfigMRVoltage1_1V</STRONG> (Thumb, 110 bytes, Stack size 0 bytes, system_n32l40x.o(.text), UNUSED)

<P><STRONG><a name="[53]"></a>GPIO_DeInit</STRONG> (Thumb, 342 bytes, Stack size 24 bytes, n32l40x_gpio.o(.text), UNUSED)
<BR><BR>[Calls]<UL><LI><a href="#[54]">&gt;&gt;</a>&nbsp;&nbsp;&nbsp;RCC_EnableAPB2PeriphReset
</UL>

<P><STRONG><a name="[55]"></a>GPIO_AFIOInitDefault</STRONG> (Thumb, 20 bytes, Stack size 8 bytes, n32l40x_gpio.o(.text), UNUSED)
<BR><BR>[Calls]<UL><LI><a href="#[54]">&gt;&gt;</a>&nbsp;&nbsp;&nbsp;RCC_EnableAPB2PeriphReset
</UL>

<P><STRONG><a name="[61]"></a>GPIO_InitPeripheral</STRONG> (Thumb, 484 bytes, Stack size 20 bytes, n32l40x_gpio.o(.text))
<BR><BR>[Stack]<UL><LI>Max Depth = 20<LI>Call Chain = GPIO_InitPeripheral
</UL>
<BR>[Called By]<UL><LI><a href="#[5e]">&gt;&gt;</a>&nbsp;&nbsp;&nbsp;Har_LED_Init
</UL>

<P><STRONG><a name="[60]"></a>GPIO_InitStruct</STRONG> (Thumb, 24 bytes, Stack size 0 bytes, n32l40x_gpio.o(.text))
<BR><BR>[Called By]<UL><LI><a href="#[5e]">&gt;&gt;</a>&nbsp;&nbsp;&nbsp;Har_LED_Init
</UL>

<P><STRONG><a name="[71]"></a>GPIO_ReadInputDataBit</STRONG> (Thumb, 18 bytes, Stack size 0 bytes, n32l40x_gpio.o(.text), UNUSED)

<P><STRONG><a name="[72]"></a>GPIO_ReadInputData</STRONG> (Thumb, 8 bytes, Stack size 0 bytes, n32l40x_gpio.o(.text), UNUSED)

<P><STRONG><a name="[73]"></a>GPIO_ReadOutputDataBit</STRONG> (Thumb, 18 bytes, Stack size 0 bytes, n32l40x_gpio.o(.text), UNUSED)

<P><STRONG><a name="[74]"></a>GPIO_ReadOutputData</STRONG> (Thumb, 8 bytes, Stack size 0 bytes, n32l40x_gpio.o(.text), UNUSED)

<P><STRONG><a name="[65]"></a>GPIO_SetBits</STRONG> (Thumb, 4 bytes, Stack size 0 bytes, n32l40x_gpio.o(.text))
<BR><BR>[Called By]<UL><LI><a href="#[64]">&gt;&gt;</a>&nbsp;&nbsp;&nbsp;Har_LED_Off
</UL>

<P><STRONG><a name="[75]"></a>GPIO_SetBitsHigh16</STRONG> (Thumb, 4 bytes, Stack size 0 bytes, n32l40x_gpio.o(.text), UNUSED)

<P><STRONG><a name="[63]"></a>GPIO_ResetBits</STRONG> (Thumb, 4 bytes, Stack size 0 bytes, n32l40x_gpio.o(.text))
<BR><BR>[Called By]<UL><LI><a href="#[62]">&gt;&gt;</a>&nbsp;&nbsp;&nbsp;Har_LED_On
</UL>

<P><STRONG><a name="[76]"></a>GPIO_WriteBit</STRONG> (Thumb, 10 bytes, Stack size 0 bytes, n32l40x_gpio.o(.text), UNUSED)

<P><STRONG><a name="[77]"></a>GPIO_Write</STRONG> (Thumb, 4 bytes, Stack size 0 bytes, n32l40x_gpio.o(.text), UNUSED)

<P><STRONG><a name="[78]"></a>GPIO_ConfigPinLock</STRONG> (Thumb, 18 bytes, Stack size 0 bytes, n32l40x_gpio.o(.text), UNUSED)

<P><STRONG><a name="[79]"></a>GPIO_ConfigPinRemap</STRONG> (Thumb, 120 bytes, Stack size 20 bytes, n32l40x_gpio.o(.text), UNUSED)

<P><STRONG><a name="[7a]"></a>GPIO_ConfigEventOutput</STRONG> (Thumb, 84 bytes, Stack size 16 bytes, n32l40x_gpio.o(.text), UNUSED)

<P><STRONG><a name="[7b]"></a>GPIO_CtrlEventOutput</STRONG> (Thumb, 6 bytes, Stack size 0 bytes, n32l40x_gpio.o(.text), UNUSED)

<P><STRONG><a name="[7c]"></a>GPIO_ConfigEXTILine</STRONG> (Thumb, 58 bytes, Stack size 12 bytes, n32l40x_gpio.o(.text), UNUSED)

<P><STRONG><a name="[7d]"></a>AFIO_ConfigSPINSSMode</STRONG> (Thumb, 30 bytes, Stack size 0 bytes, n32l40x_gpio.o(.text), UNUSED)

<P><STRONG><a name="[7e]"></a>AFIO_ConfigADCExternalTrigRemap</STRONG> (Thumb, 82 bytes, Stack size 0 bytes, n32l40x_gpio.o(.text), UNUSED)

<P><STRONG><a name="[7f]"></a>RCC_DeInit</STRONG> (Thumb, 80 bytes, Stack size 0 bytes, n32l40x_rcc.o(.text), UNUSED)

<P><STRONG><a name="[80]"></a>RCC_ConfigHse</STRONG> (Thumb, 70 bytes, Stack size 0 bytes, n32l40x_rcc.o(.text), UNUSED)

<P><STRONG><a name="[57]"></a>RCC_GetFlagStatus</STRONG> (Thumb, 56 bytes, Stack size 8 bytes, n32l40x_rcc.o(.text), UNUSED)
<BR><BR>[Called By]<UL><LI><a href="#[59]">&gt;&gt;</a>&nbsp;&nbsp;&nbsp;RCC_WaitMsiStable
<LI><a href="#[58]">&gt;&gt;</a>&nbsp;&nbsp;&nbsp;RCC_WaitHsiStable
<LI><a href="#[56]">&gt;&gt;</a>&nbsp;&nbsp;&nbsp;RCC_WaitHseStable
</UL>

<P><STRONG><a name="[56]"></a>RCC_WaitHseStable</STRONG> (Thumb, 56 bytes, Stack size 16 bytes, n32l40x_rcc.o(.text), UNUSED)
<BR><BR>[Calls]<UL><LI><a href="#[57]">&gt;&gt;</a>&nbsp;&nbsp;&nbsp;RCC_GetFlagStatus
</UL>

<P><STRONG><a name="[81]"></a>RCC_ConfigHsi</STRONG> (Thumb, 34 bytes, Stack size 0 bytes, n32l40x_rcc.o(.text), UNUSED)

<P><STRONG><a name="[58]"></a>RCC_WaitHsiStable</STRONG> (Thumb, 56 bytes, Stack size 16 bytes, n32l40x_rcc.o(.text), UNUSED)
<BR><BR>[Calls]<UL><LI><a href="#[57]">&gt;&gt;</a>&nbsp;&nbsp;&nbsp;RCC_GetFlagStatus
</UL>

<P><STRONG><a name="[82]"></a>RCC_SetHsiCalibValue</STRONG> (Thumb, 20 bytes, Stack size 0 bytes, n32l40x_rcc.o(.text), UNUSED)

<P><STRONG><a name="[83]"></a>RCC_EnableHsi</STRONG> (Thumb, 6 bytes, Stack size 0 bytes, n32l40x_rcc.o(.text), UNUSED)

<P><STRONG><a name="[84]"></a>RCC_ConfigMsi</STRONG> (Thumb, 58 bytes, Stack size 0 bytes, n32l40x_rcc.o(.text), UNUSED)

<P><STRONG><a name="[59]"></a>RCC_WaitMsiStable</STRONG> (Thumb, 56 bytes, Stack size 16 bytes, n32l40x_rcc.o(.text), UNUSED)
<BR><BR>[Calls]<UL><LI><a href="#[57]">&gt;&gt;</a>&nbsp;&nbsp;&nbsp;RCC_GetFlagStatus
</UL>

<P><STRONG><a name="[85]"></a>RCC_SetMsiCalibValue</STRONG> (Thumb, 20 bytes, Stack size 0 bytes, n32l40x_rcc.o(.text), UNUSED)

<P><STRONG><a name="[86]"></a>RCC_EnableMsi</STRONG> (Thumb, 6 bytes, Stack size 0 bytes, n32l40x_rcc.o(.text), UNUSED)

<P><STRONG><a name="[87]"></a>RCC_ConfigPll</STRONG> (Thumb, 56 bytes, Stack size 12 bytes, n32l40x_rcc.o(.text), UNUSED)

<P><STRONG><a name="[88]"></a>RCC_EnablePll</STRONG> (Thumb, 6 bytes, Stack size 0 bytes, n32l40x_rcc.o(.text), UNUSED)

<P><STRONG><a name="[89]"></a>RCC_ConfigSysclk</STRONG> (Thumb, 18 bytes, Stack size 0 bytes, n32l40x_rcc.o(.text), UNUSED)

<P><STRONG><a name="[8a]"></a>RCC_GetSysclkSrc</STRONG> (Thumb, 10 bytes, Stack size 0 bytes, n32l40x_rcc.o(.text), UNUSED)

<P><STRONG><a name="[8b]"></a>RCC_ConfigHclk</STRONG> (Thumb, 18 bytes, Stack size 0 bytes, n32l40x_rcc.o(.text), UNUSED)

<P><STRONG><a name="[8c]"></a>RCC_ConfigPclk1</STRONG> (Thumb, 18 bytes, Stack size 0 bytes, n32l40x_rcc.o(.text), UNUSED)

<P><STRONG><a name="[8d]"></a>RCC_ConfigPclk2</STRONG> (Thumb, 20 bytes, Stack size 0 bytes, n32l40x_rcc.o(.text), UNUSED)

<P><STRONG><a name="[8e]"></a>RCC_ConfigInt</STRONG> (Thumb, 30 bytes, Stack size 0 bytes, n32l40x_rcc.o(.text), UNUSED)

<P><STRONG><a name="[8f]"></a>RCC_ConfigUsbClk</STRONG> (Thumb, 16 bytes, Stack size 0 bytes, n32l40x_rcc.o(.text), UNUSED)

<P><STRONG><a name="[90]"></a>RCC_ConfigTim18Clk</STRONG> (Thumb, 18 bytes, Stack size 0 bytes, n32l40x_rcc.o(.text), UNUSED)

<P><STRONG><a name="[91]"></a>RCC_ConfigRngcClk</STRONG> (Thumb, 18 bytes, Stack size 0 bytes, n32l40x_rcc.o(.text), UNUSED)

<P><STRONG><a name="[92]"></a>RCC_ConfigAdc1mClk</STRONG> (Thumb, 24 bytes, Stack size 0 bytes, n32l40x_rcc.o(.text), UNUSED)

<P><STRONG><a name="[93]"></a>RCC_ConfigAdcPllClk</STRONG> (Thumb, 30 bytes, Stack size 0 bytes, n32l40x_rcc.o(.text), UNUSED)

<P><STRONG><a name="[94]"></a>RCC_ConfigAdcHclk</STRONG> (Thumb, 18 bytes, Stack size 0 bytes, n32l40x_rcc.o(.text), UNUSED)

<P><STRONG><a name="[95]"></a>RCC_ConfigTrng1mClk</STRONG> (Thumb, 24 bytes, Stack size 0 bytes, n32l40x_rcc.o(.text), UNUSED)

<P><STRONG><a name="[96]"></a>RCC_EnableTrng1mClk</STRONG> (Thumb, 30 bytes, Stack size 0 bytes, n32l40x_rcc.o(.text), UNUSED)

<P><STRONG><a name="[97]"></a>RCC_ConfigUCDRClk</STRONG> (Thumb, 46 bytes, Stack size 8 bytes, n32l40x_rcc.o(.text), UNUSED)

<P><STRONG><a name="[98]"></a>RCC_ConfigUSBXTALESSMode</STRONG> (Thumb, 22 bytes, Stack size 0 bytes, n32l40x_rcc.o(.text), UNUSED)

<P><STRONG><a name="[99]"></a>RCC_EnableRETPeriphClk</STRONG> (Thumb, 26 bytes, Stack size 0 bytes, n32l40x_rcc.o(.text), UNUSED)

<P><STRONG><a name="[9a]"></a>RCC_EnableRETPeriphReset</STRONG> (Thumb, 62 bytes, Stack size 0 bytes, n32l40x_rcc.o(.text), UNUSED)

<P><STRONG><a name="[5b]"></a>RCC_EnableAPB1PeriphClk</STRONG> (Thumb, 26 bytes, Stack size 0 bytes, n32l40x_rcc.o(.text), UNUSED)
<BR><BR>[Called By]<UL><LI><a href="#[5c]">&gt;&gt;</a>&nbsp;&nbsp;&nbsp;RCC_ConfigLse
<LI><a href="#[5a]">&gt;&gt;</a>&nbsp;&nbsp;&nbsp;RCC_ConfigLPTIMClk
</UL>

<P><STRONG><a name="[5a]"></a>RCC_ConfigLPTIMClk</STRONG> (Thumb, 46 bytes, Stack size 8 bytes, n32l40x_rcc.o(.text), UNUSED)
<BR><BR>[Calls]<UL><LI><a href="#[5b]">&gt;&gt;</a>&nbsp;&nbsp;&nbsp;RCC_EnableAPB1PeriphClk
</UL>

<P><STRONG><a name="[9b]"></a>RCC_GetLPTIMClkSrc</STRONG> (Thumb, 10 bytes, Stack size 0 bytes, n32l40x_rcc.o(.text), UNUSED)

<P><STRONG><a name="[9c]"></a>RCC_ConfigLPUARTClk</STRONG> (Thumb, 22 bytes, Stack size 0 bytes, n32l40x_rcc.o(.text), UNUSED)

<P><STRONG><a name="[9d]"></a>RCC_GetLPUARTClkSrc</STRONG> (Thumb, 10 bytes, Stack size 0 bytes, n32l40x_rcc.o(.text), UNUSED)

<P><STRONG><a name="[9e]"></a>RCC_ConfigSRAMParityErrorInt</STRONG> (Thumb, 26 bytes, Stack size 0 bytes, n32l40x_rcc.o(.text), UNUSED)

<P><STRONG><a name="[9f]"></a>RCC_ConfigSRAMParityErrorRESET</STRONG> (Thumb, 26 bytes, Stack size 0 bytes, n32l40x_rcc.o(.text), UNUSED)

<P><STRONG><a name="[a0]"></a>RCC_ClrSRAMParityErrorFlag</STRONG> (Thumb, 12 bytes, Stack size 0 bytes, n32l40x_rcc.o(.text), UNUSED)

<P><STRONG><a name="[5d]"></a>LSE_XtalConfig</STRONG> (Thumb, 34 bytes, Stack size 0 bytes, n32l40x_rcc.o(.text), UNUSED)
<BR><BR>[Called By]<UL><LI><a href="#[5c]">&gt;&gt;</a>&nbsp;&nbsp;&nbsp;RCC_ConfigLse
</UL>

<P><STRONG><a name="[5c]"></a>RCC_ConfigLse</STRONG> (Thumb, 102 bytes, Stack size 20 bytes, n32l40x_rcc.o(.text), UNUSED)
<BR><BR>[Calls]<UL><LI><a href="#[5d]">&gt;&gt;</a>&nbsp;&nbsp;&nbsp;LSE_XtalConfig
<LI><a href="#[5b]">&gt;&gt;</a>&nbsp;&nbsp;&nbsp;RCC_EnableAPB1PeriphClk
</UL>

<P><STRONG><a name="[a1]"></a>RCC_EnableLsi</STRONG> (Thumb, 6 bytes, Stack size 0 bytes, n32l40x_rcc.o(.text), UNUSED)

<P><STRONG><a name="[a2]"></a>RCC_ConfigRtcClk</STRONG> (Thumb, 22 bytes, Stack size 0 bytes, n32l40x_rcc.o(.text), UNUSED)

<P><STRONG><a name="[a3]"></a>RCC_GetRTCClkSrc</STRONG> (Thumb, 10 bytes, Stack size 0 bytes, n32l40x_rcc.o(.text), UNUSED)

<P><STRONG><a name="[a4]"></a>RCC_EnableRtcClk</STRONG> (Thumb, 8 bytes, Stack size 0 bytes, n32l40x_rcc.o(.text), UNUSED)

<P><STRONG><a name="[a5]"></a>RCC_ConfigLSXClk</STRONG> (Thumb, 22 bytes, Stack size 0 bytes, n32l40x_rcc.o(.text), UNUSED)

<P><STRONG><a name="[a6]"></a>RCC_GetLSXClkSrc</STRONG> (Thumb, 10 bytes, Stack size 0 bytes, n32l40x_rcc.o(.text), UNUSED)

<P><STRONG><a name="[a7]"></a>RCC_GetClocksFreqValue</STRONG> (Thumb, 302 bytes, Stack size 20 bytes, n32l40x_rcc.o(.text), UNUSED)

<P><STRONG><a name="[a8]"></a>RCC_EnableAHBPeriphClk</STRONG> (Thumb, 26 bytes, Stack size 0 bytes, n32l40x_rcc.o(.text), UNUSED)

<P><STRONG><a name="[5f]"></a>RCC_EnableAPB2PeriphClk</STRONG> (Thumb, 26 bytes, Stack size 0 bytes, n32l40x_rcc.o(.text))
<BR><BR>[Called By]<UL><LI><a href="#[5e]">&gt;&gt;</a>&nbsp;&nbsp;&nbsp;Har_LED_Init
</UL>

<P><STRONG><a name="[a9]"></a>RCC_EnableAHBPeriphReset</STRONG> (Thumb, 26 bytes, Stack size 0 bytes, n32l40x_rcc.o(.text), UNUSED)

<P><STRONG><a name="[54]"></a>RCC_EnableAPB2PeriphReset</STRONG> (Thumb, 26 bytes, Stack size 0 bytes, n32l40x_rcc.o(.text), UNUSED)
<BR><BR>[Called By]<UL><LI><a href="#[55]">&gt;&gt;</a>&nbsp;&nbsp;&nbsp;GPIO_AFIOInitDefault
<LI><a href="#[53]">&gt;&gt;</a>&nbsp;&nbsp;&nbsp;GPIO_DeInit
</UL>

<P><STRONG><a name="[aa]"></a>RCC_EnableAPB1PeriphReset</STRONG> (Thumb, 26 bytes, Stack size 0 bytes, n32l40x_rcc.o(.text), UNUSED)

<P><STRONG><a name="[ab]"></a>RCC_EnableLowPowerReset</STRONG> (Thumb, 8 bytes, Stack size 0 bytes, n32l40x_rcc.o(.text), UNUSED)

<P><STRONG><a name="[ac]"></a>RCC_EnableClockSecuritySystem</STRONG> (Thumb, 6 bytes, Stack size 0 bytes, n32l40x_rcc.o(.text), UNUSED)

<P><STRONG><a name="[ad]"></a>RCC_EnableLSEClockSecuritySystem</STRONG> (Thumb, 8 bytes, Stack size 0 bytes, n32l40x_rcc.o(.text), UNUSED)

<P><STRONG><a name="[ae]"></a>RCC_GetLSEClockSecuritySystemStatus</STRONG> (Thumb, 20 bytes, Stack size 0 bytes, n32l40x_rcc.o(.text), UNUSED)

<P><STRONG><a name="[af]"></a>RCC_ConfigMcoClkPre</STRONG> (Thumb, 18 bytes, Stack size 0 bytes, n32l40x_rcc.o(.text), UNUSED)

<P><STRONG><a name="[b0]"></a>RCC_ConfigMco</STRONG> (Thumb, 20 bytes, Stack size 0 bytes, n32l40x_rcc.o(.text), UNUSED)

<P><STRONG><a name="[b1]"></a>RCC_ClrFlag</STRONG> (Thumb, 24 bytes, Stack size 0 bytes, n32l40x_rcc.o(.text), UNUSED)

<P><STRONG><a name="[b2]"></a>RCC_GetIntStatus</STRONG> (Thumb, 20 bytes, Stack size 0 bytes, n32l40x_rcc.o(.text), UNUSED)

<P><STRONG><a name="[b3]"></a>RCC_ClrIntPendingBit</STRONG> (Thumb, 12 bytes, Stack size 0 bytes, n32l40x_rcc.o(.text), UNUSED)

<P><STRONG><a name="[66]"></a>Delay</STRONG> (Thumb, 10 bytes, Stack size 0 bytes, main.o(.text))
<BR><BR>[Called By]<UL><LI><a href="#[4c]">&gt;&gt;</a>&nbsp;&nbsp;&nbsp;main
</UL>

<P><STRONG><a name="[5e]"></a>Har_LED_Init</STRONG> (Thumb, 56 bytes, Stack size 24 bytes, main.o(.text))
<BR><BR>[Stack]<UL><LI>Max Depth = 44<LI>Call Chain = Har_LED_Init &rArr; GPIO_InitPeripheral
</UL>
<BR>[Calls]<UL><LI><a href="#[5f]">&gt;&gt;</a>&nbsp;&nbsp;&nbsp;RCC_EnableAPB2PeriphClk
<LI><a href="#[60]">&gt;&gt;</a>&nbsp;&nbsp;&nbsp;GPIO_InitStruct
<LI><a href="#[61]">&gt;&gt;</a>&nbsp;&nbsp;&nbsp;GPIO_InitPeripheral
</UL>
<BR>[Called By]<UL><LI><a href="#[4c]">&gt;&gt;</a>&nbsp;&nbsp;&nbsp;main
</UL>

<P><STRONG><a name="[62]"></a>Har_LED_On</STRONG> (Thumb, 14 bytes, Stack size 8 bytes, main.o(.text))
<BR><BR>[Stack]<UL><LI>Max Depth = 8<LI>Call Chain = Har_LED_On
</UL>
<BR>[Calls]<UL><LI><a href="#[63]">&gt;&gt;</a>&nbsp;&nbsp;&nbsp;GPIO_ResetBits
</UL>
<BR>[Called By]<UL><LI><a href="#[4c]">&gt;&gt;</a>&nbsp;&nbsp;&nbsp;main
</UL>

<P><STRONG><a name="[64]"></a>Har_LED_Off</STRONG> (Thumb, 14 bytes, Stack size 8 bytes, main.o(.text))
<BR><BR>[Stack]<UL><LI>Max Depth = 8<LI>Call Chain = Har_LED_Off
</UL>
<BR>[Calls]<UL><LI><a href="#[65]">&gt;&gt;</a>&nbsp;&nbsp;&nbsp;GPIO_SetBits
</UL>
<BR>[Called By]<UL><LI><a href="#[4c]">&gt;&gt;</a>&nbsp;&nbsp;&nbsp;main
</UL>

<P><STRONG><a name="[4c]"></a>main</STRONG> (Thumb, 28 bytes, Stack size 0 bytes, main.o(.text))
<BR><BR>[Stack]<UL><LI>Max Depth = 44<LI>Call Chain = main &rArr; Har_LED_Init &rArr; GPIO_InitPeripheral
</UL>
<BR>[Calls]<UL><LI><a href="#[64]">&gt;&gt;</a>&nbsp;&nbsp;&nbsp;Har_LED_Off
<LI><a href="#[62]">&gt;&gt;</a>&nbsp;&nbsp;&nbsp;Har_LED_On
<LI><a href="#[5e]">&gt;&gt;</a>&nbsp;&nbsp;&nbsp;Har_LED_Init
<LI><a href="#[66]">&gt;&gt;</a>&nbsp;&nbsp;&nbsp;Delay
</UL>
<BR>[Address Reference Count : 1]<UL><LI> entry9a.o(.ARM.Collect$$$$0000000B)
</UL>
<P><STRONG><a name="[1]"></a>NMI_Handler</STRONG> (Thumb, 2 bytes, Stack size 0 bytes, n32l40x_it.o(.text))
<BR>[Address Reference Count : 1]<UL><LI> startup_n32l40x.o(RESET)
</UL>
<P><STRONG><a name="[2]"></a>HardFault_Handler</STRONG> (Thumb, 4 bytes, Stack size 0 bytes, n32l40x_it.o(.text))
<BR>[Address Reference Count : 1]<UL><LI> startup_n32l40x.o(RESET)
</UL>
<P><STRONG><a name="[3]"></a>MemManage_Handler</STRONG> (Thumb, 4 bytes, Stack size 0 bytes, n32l40x_it.o(.text))
<BR>[Address Reference Count : 1]<UL><LI> startup_n32l40x.o(RESET)
</UL>
<P><STRONG><a name="[4]"></a>BusFault_Handler</STRONG> (Thumb, 4 bytes, Stack size 0 bytes, n32l40x_it.o(.text))
<BR>[Address Reference Count : 1]<UL><LI> startup_n32l40x.o(RESET)
</UL>
<P><STRONG><a name="[5]"></a>UsageFault_Handler</STRONG> (Thumb, 4 bytes, Stack size 0 bytes, n32l40x_it.o(.text))
<BR>[Address Reference Count : 1]<UL><LI> startup_n32l40x.o(RESET)
</UL>
<P><STRONG><a name="[6]"></a>SVC_Handler</STRONG> (Thumb, 2 bytes, Stack size 0 bytes, n32l40x_it.o(.text))
<BR>[Address Reference Count : 1]<UL><LI> startup_n32l40x.o(RESET)
</UL>
<P><STRONG><a name="[7]"></a>DebugMon_Handler</STRONG> (Thumb, 2 bytes, Stack size 0 bytes, n32l40x_it.o(.text))
<BR>[Address Reference Count : 1]<UL><LI> startup_n32l40x.o(RESET)
</UL>
<P><STRONG><a name="[9]"></a>SysTick_Handler</STRONG> (Thumb, 2 bytes, Stack size 0 bytes, n32l40x_it.o(.text))
<BR>[Address Reference Count : 1]<UL><LI> startup_n32l40x.o(RESET)
</UL>
<P><STRONG><a name="[b4]"></a>DMA_IRQ_HANDLER</STRONG> (Thumb, 2 bytes, Stack size 0 bytes, n32l40x_it.o(.text), UNUSED)

<P><STRONG><a name="[50]"></a>__scatterload</STRONG> (Thumb, 28 bytes, Stack size 0 bytes, init.o(.text))
<BR><BR>[Calls]<UL><LI><a href="#[67]">&gt;&gt;</a>&nbsp;&nbsp;&nbsp;__main_after_scatterload
</UL>
<BR>[Called By]<UL><LI><a href="#[4f]">&gt;&gt;</a>&nbsp;&nbsp;&nbsp;_main_scatterload
</UL>

<P><STRONG><a name="[b5]"></a>__scatterload_rt2</STRONG> (Thumb, 0 bytes, Stack size 0 bytes, init.o(.text), UNUSED)

<P><STRONG><a name="[b6]"></a>__scatterload_copy</STRONG> (Thumb, 14 bytes, Stack size unknown bytes, handlers.o(i.__scatterload_copy), UNUSED)

<P><STRONG><a name="[b7]"></a>__scatterload_null</STRONG> (Thumb, 2 bytes, Stack size unknown bytes, handlers.o(i.__scatterload_null), UNUSED)

<P><STRONG><a name="[b8]"></a>__scatterload_zeroinit</STRONG> (Thumb, 14 bytes, Stack size unknown bytes, handlers.o(i.__scatterload_zeroinit), UNUSED)
<P>
<H3>
Local Symbols
</H3>
<P><STRONG><a name="[51]"></a>SetSysClock</STRONG> (Thumb, 222 bytes, Stack size 20 bytes, system_n32l40x.o(.text))
<BR><BR>[Stack]<UL><LI>Max Depth = 20<LI>Call Chain = SetSysClock
</UL>
<BR>[Calls]<UL><LI><a href="#[52]">&gt;&gt;</a>&nbsp;&nbsp;&nbsp;ConfigMRVoltage1V
</UL>
<BR>[Called By]<UL><LI><a href="#[4d]">&gt;&gt;</a>&nbsp;&nbsp;&nbsp;SystemInit
</UL>
<P>
<H3>
Undefined Global Symbols
</H3><HR></body></html>
